Component: ARM Compiler 5.06 update 1 (build 61) Tool: armlink [4d35a8]

==============================================================================

Section Cross References

    main.o(i.main) refers to system_stm32f10x.o(i.SystemInit) for SystemInit
    main.o(i.main) refers to delay.o(i.delay_init) for delay_init
    main.o(i.main) refers to misc.o(i.NVIC_PriorityGroupConfig) for NVIC_PriorityGroupConfig
    main.o(i.main) refers to master.o(i.RS485_Init) for RS485_Init
    main.o(i.main) refers to usart.o(i.uart_init) for uart_init
    main.o(i.main) refers to relay.o(i.RELAY_Init) for RELAY_Init
    main.o(i.main) refers to flagdeal.o(i.flag_sys_init) for flag_sys_init
    main.o(i.main) refers to uart1.o(i.uart1_init) for uart1_init
    main.o(i.main) refers to uart3.o(i.uart3_init) for uart3_init
    main.o(i.main) refers to timer.o(i.TIM2_Int_Init) for TIM2_Int_Init
    main.o(i.main) refers to ad7191.o(i.ad7191_config) for ad7191_config
    main.o(i.main) refers to flagdeal.o(i.Flag_Deal) for Flag_Deal
    main.o(i.main) refers to usart_op.o(i.commdIsRec_uart1) for commdIsRec_uart1
    main.o(i.main) refers to usart_op.o(i.USART_RecDeal) for USART_RecDeal
    main.o(i.main) refers to uart1.o(i.READ_HMI) for READ_HMI
    main.o(i.main) refers to delay.o(i.delay_ms) for delay_ms
    main.o(i.main) refers to uart1.o(.bss) for USART1_Rec
    main.o(i.main) refers to timer.o(.data) for flag_test
    system_stm32f10x.o(i.SetSysClock) refers to system_stm32f10x.o(i.SetSysClockTo72) for SetSysClockTo72
    system_stm32f10x.o(i.SystemCoreClockUpdate) refers to system_stm32f10x.o(.data) for SystemCoreClock
    system_stm32f10x.o(i.SystemInit) refers to system_stm32f10x.o(i.SetSysClock) for SetSysClock
    startup_stm32f10x_md.o(RESET) refers to startup_stm32f10x_md.o(STACK) for __initial_sp
    startup_stm32f10x_md.o(RESET) refers to startup_stm32f10x_md.o(.text) for Reset_Handler
    startup_stm32f10x_md.o(RESET) refers to stm32f10x_it.o(i.NMI_Handler) for NMI_Handler
    startup_stm32f10x_md.o(RESET) refers to stm32f10x_it.o(i.HardFault_Handler) for HardFault_Handler
    startup_stm32f10x_md.o(RESET) refers to stm32f10x_it.o(i.MemManage_Handler) for MemManage_Handler
    startup_stm32f10x_md.o(RESET) refers to stm32f10x_it.o(i.BusFault_Handler) for BusFault_Handler
    startup_stm32f10x_md.o(RESET) refers to stm32f10x_it.o(i.UsageFault_Handler) for UsageFault_Handler
    startup_stm32f10x_md.o(RESET) refers to stm32f10x_it.o(i.SVC_Handler) for SVC_Handler
    startup_stm32f10x_md.o(RESET) refers to stm32f10x_it.o(i.DebugMon_Handler) for DebugMon_Handler
    startup_stm32f10x_md.o(RESET) refers to stm32f10x_it.o(i.PendSV_Handler) for PendSV_Handler
    startup_stm32f10x_md.o(RESET) refers to stm32f10x_it.o(i.SysTick_Handler) for SysTick_Handler
    startup_stm32f10x_md.o(RESET) refers to timer.o(i.TIM2_IRQHandler) for TIM2_IRQHandler
    startup_stm32f10x_md.o(RESET) refers to master.o(i.TIM3_IRQHandler) for TIM3_IRQHandler
    startup_stm32f10x_md.o(RESET) refers to master.o(i.TIM4_IRQHandler) for TIM4_IRQHandler
    startup_stm32f10x_md.o(RESET) refers to uart1.o(i.USART1_IRQHandler) for USART1_IRQHandler
    startup_stm32f10x_md.o(RESET) refers to master.o(i.USART2_IRQHandler) for USART2_IRQHandler
    startup_stm32f10x_md.o(RESET) refers to uart3.o(i.USART3_IRQHandler) for USART3_IRQHandler
    startup_stm32f10x_md.o(.text) refers to system_stm32f10x.o(i.SystemInit) for SystemInit
    startup_stm32f10x_md.o(.text) refers to entry.o(.ARM.Collect$$$$00000000) for __main
    stm32f10x_tim.o(i.TIM_DeInit) refers to stm32f10x_rcc.o(i.RCC_APB2PeriphResetCmd) for RCC_APB2PeriphResetCmd
    stm32f10x_tim.o(i.TIM_DeInit) refers to stm32f10x_rcc.o(i.RCC_APB1PeriphResetCmd) for RCC_APB1PeriphResetCmd
    stm32f10x_tim.o(i.TIM_ETRClockMode1Config) refers to stm32f10x_tim.o(i.TIM_ETRConfig) for TIM_ETRConfig
    stm32f10x_tim.o(i.TIM_ETRClockMode2Config) refers to stm32f10x_tim.o(i.TIM_ETRConfig) for TIM_ETRConfig
    stm32f10x_tim.o(i.TIM_ICInit) refers to stm32f10x_tim.o(i.TI1_Config) for TI1_Config
    stm32f10x_tim.o(i.TIM_ICInit) refers to stm32f10x_tim.o(i.TIM_SetIC1Prescaler) for TIM_SetIC1Prescaler
    stm32f10x_tim.o(i.TIM_ICInit) refers to stm32f10x_tim.o(i.TI2_Config) for TI2_Config
    stm32f10x_tim.o(i.TIM_ICInit) refers to stm32f10x_tim.o(i.TIM_SetIC2Prescaler) for TIM_SetIC2Prescaler
    stm32f10x_tim.o(i.TIM_ICInit) refers to stm32f10x_tim.o(i.TI3_Config) for TI3_Config
    stm32f10x_tim.o(i.TIM_ICInit) refers to stm32f10x_tim.o(i.TIM_SetIC3Prescaler) for TIM_SetIC3Prescaler
    stm32f10x_tim.o(i.TIM_ICInit) refers to stm32f10x_tim.o(i.TI4_Config) for TI4_Config
    stm32f10x_tim.o(i.TIM_ICInit) refers to stm32f10x_tim.o(i.TIM_SetIC4Prescaler) for TIM_SetIC4Prescaler
    stm32f10x_tim.o(i.TIM_ITRxExternalClockConfig) refers to stm32f10x_tim.o(i.TIM_SelectInputTrigger) for TIM_SelectInputTrigger
[...]
    printfa.o(i._printf_pre_padding) refers (Special) to iusefp.o(.text) for __I$use$fp
    printfa.o(i._snputc) refers (Special) to iusefp.o(.text) for __I$use$fp
    printfa.o(i._sputc) refers (Special) to iusefp.o(.text) for __I$use$fp
    malloc.o(i.free) refers to mvars.o(.data) for __microlib_freelist
    malloc.o(i.malloc) refers to mvars.o(.data) for __microlib_freelist_initialised
    malloc.o(i.malloc) refers to mvars.o(.data) for __microlib_freelist
    malloc.o(i.malloc) refers to startup_stm32f10x_md.o(HEAP) for __heap_base
    mallocr.o(i.__free$realloc) refers to mvars.o(.data) for __microlib_freelist
    mallocr.o(i.__malloc$realloc) refers to mallocr.o(i.internal_alloc) for internal_alloc
    mallocr.o(i.__malloc$realloc) refers to mvars.o(.data) for __microlib_freelist_initialised
    mallocr.o(i.__malloc$realloc) refers to startup_stm32f10x_md.o(HEAP) for __heap_base
    mallocr.o(i.__malloc$realloc) refers to mvars.o(.data) for __microlib_freelist
    mallocr.o(i.internal_alloc) refers to memcpya.o(.text) for __aeabi_memcpy
    mallocr.o(i.internal_alloc) refers to mvars.o(.data) for __microlib_freelist
    mallocr.o(i.realloc) refers to mallocr.o(i.__free$realloc) for __free$realloc
    mallocr.o(i.realloc) refers to mallocr.o(i.internal_alloc) for internal_alloc
    mallocr.o(i.realloc) refers to mallocr.o(i.__malloc$realloc) for __malloc$realloc
    mallocr.o(i.realloc) refers to mvars.o(.data) for __microlib_freelist
    malloca.o(i.__aligned_malloc) refers to mvars.o(.data) for __microlib_freelist_initialised
    malloca.o(i.__aligned_malloc) refers to mvars.o(.data) for __microlib_freelist
    malloca.o(i.__aligned_malloc) refers to startup_stm32f10x_md.o(HEAP) for __heap_base
    malloca.o(i.__free$memalign) refers to mvars.o(.data) for __microlib_freelist
    malloca.o(i.__malloc$memalign) refers to malloca.o(i.__aligned_malloc) for __aligned_malloc
    mallocra.o(i.__aligned_malloc$realloc) refers to mallocra.o(i.internal_alloc) for internal_alloc
    mallocra.o(i.__aligned_malloc$realloc) refers to mvars.o(.data) for __microlib_freelist_initialised
    mallocra.o(i.__aligned_malloc$realloc) refers to startup_stm32f10x_md.o(HEAP) for __heap_base
    mallocra.o(i.__aligned_malloc$realloc) refers to mvars.o(.data) for __microlib_freelist
    mallocra.o(i.__free$realloc$memalign) refers to mvars.o(.data) for __microlib_freelist
    mallocra.o(i.__malloc$realloc$memalign) refers to mallocra.o(i.__aligned_malloc$realloc) for __aligned_malloc$realloc
    mallocra.o(i.__realloc$memalign) refers to mallocra.o(i.__free$realloc$memalign) for __free$realloc$memalign
    mallocra.o(i.__realloc$memalign) refers to mallocra.o(i.internal_alloc) for internal_alloc
    mallocra.o(i.__realloc$memalign) refers to mallocra.o(i.__malloc$realloc$memalign) for __malloc$realloc$memalign
    mallocra.o(i.__realloc$memalign) refers to mvars.o(.data) for __microlib_freelist
    mallocra.o(i.internal_alloc) refers to memcpya.o(.text) for __aeabi_memcpy
    mallocra.o(i.internal_alloc) refers to mvars.o(.data) for __microlib_freelist
    calloc.o(.text) refers to malloc.o(i.malloc) for malloc
    fadd.o(.text) refers (Special) to iusefp.o(.text) for __I$use$fp
    fadd.o(.text) refers to fepilogue.o(.text) for _float_epilogue
    fdiv.o(.text) refers (Special) to iusefp.o(.text) for __I$use$fp
    fdiv.o(.text) refers to fepilogue.o(.text) for _float_round
    dadd.o(.text) refers (Special) to iusefp.o(.text) for __I$use$fp
    dadd.o(.text) refers to llshl.o(.text) for __aeabi_llsl
    dadd.o(.text) refers to llsshr.o(.text) for __aeabi_lasr
    dadd.o(.text) refers to depilogue.o(.text) for _double_epilogue
    dmul.o(.text) refers (Special) to iusefp.o(.text) for __I$use$fp
    dmul.o(.text) refers to depilogue.o(.text) for _double_epilogue
    ddiv.o(.text) refers (Special) to iusefp.o(.text) for __I$use$fp
    ddiv.o(.text) refers to depilogue.o(.text) for _double_round
    fflti.o(.text) refers (Special) to iusefp.o(.text) for __I$use$fp
    fflti.o(.text) refers to fepilogue.o(.text) for _float_epilogue
    ffltui.o(.text) refers (Special) to iusefp.o(.text) for __I$use$fp
    ffltui.o(.text) refers to fepilogue.o(.text) for _float_epilogue
    f2d.o(.text) refers (Special) to iusefp.o(.text) for __I$use$fp
    cdcmple.o(.text) refers (Special) to iusefp.o(.text) for __I$use$fp
    cdrcmple.o(.text) refers (Special) to iusefp.o(.text) for __I$use$fp
    d2f.o(.text) refers (Special) to iusefp.o(.text) for __I$use$fp
    d2f.o(.text) refers to fepilogue.o(.text) for _float_round
    cfcmple.o(.text) refers (Special) to iusefp.o(.text) for __I$use$fp
    cfrcmple.o(.text) refers (Special) to iusefp.o(.text) for __I$use$fp
    entry2.o(.ARM.Collect$$$$00000001) refers to entry2.o(.ARM.Collect$$$$00002712) for __lit__00000000
    entry2.o(.ARM.Collect$$$$00002712) refers to startup_stm32f10x_md.o(STACK) for __initial_sp
    entry2.o(__vectab_stack_and_reset_area) refers to startup_stm32f10x_md.o(STACK) for __initial_sp
    entry2.o(__vectab_stack_and_reset_area) refers to entry.o(.ARM.Collect$$$$00000000) for __main
    entry5.o(.ARM.Collect$$$$00000004) refers to init.o(.text) for __scatterload
    entry9a.o(.ARM.Collect$$$$0000000B) refers to main.o(i.main) for main
    entry9b.o(.ARM.Collect$$$$0000000C) refers to main.o(i.main) for main
    uldiv.o(.text) refers to llushr.o(.text) for __aeabi_llsr
    uldiv.o(.text) refers to llshl.o(.text) for __aeabi_llsl
    depilogue.o(.text) refers to llshl.o(.text) for __aeabi_llsl
    depilogue.o(.text) refers to llushr.o(.text) for __aeabi_llsr
    dfixul.o(.text) refers to llushr.o(.text) for __aeabi_llsr
    dfixul.o(.text) refers to llshl.o(.text) for __aeabi_llsl
    init.o(.text) refers to entry5.o(.ARM.Collect$$$$00000004) for __main_after_scatterload


==============================================================================

Removing Unused input sections from the image.

    Removing system_stm32f10x.o(i.SystemCoreClockUpdate), (164 bytes).
    Removing core_cm3.o(.emb_text), (32 bytes).
    Removing misc.o(i.NVIC_SetVectorTable), (20 bytes).
    Removing misc.o(i.NVIC_SystemLPConfig), (32 bytes).
    Removing stm32f10x_tim.o(i.TI1_Config), (128 bytes).
    Removing stm32f10x_tim.o(i.TI2_Config), (152 bytes).
    Removing stm32f10x_tim.o(i.TI3_Config), (144 bytes).
    Removing stm32f10x_tim.o(i.TI4_Config), (152 bytes).
    Removing stm32f10x_tim.o(i.TIM_ARRPreloadConfig), (24 bytes).
    Removing stm32f10x_tim.o(i.TIM_BDTRConfig), (32 bytes).
    Removing stm32f10x_tim.o(i.TIM_BDTRStructInit), (18 bytes).
    Removing stm32f10x_tim.o(i.TIM_CCPreloadControl), (24 bytes).
    Removing stm32f10x_tim.o(i.TIM_CCxCmd), (30 bytes).
    Removing stm32f10x_tim.o(i.TIM_CCxNCmd), (30 bytes).
    Removing stm32f10x_tim.o(i.TIM_ClearFlag), (6 bytes).
    Removing stm32f10x_tim.o(i.TIM_ClearOC1Ref), (18 bytes).
    Removing stm32f10x_tim.o(i.TIM_ClearOC2Ref), (24 bytes).
    Removing stm32f10x_tim.o(i.TIM_ClearOC3Ref), (18 bytes).
    Removing stm32f10x_tim.o(i.TIM_ClearOC4Ref), (24 bytes).
    Removing stm32f10x_tim.o(i.TIM_CounterModeConfig), (18 bytes).
    Removing stm32f10x_tim.o(i.TIM_CtrlPWMOutputs), (30 bytes).
    Removing stm32f10x_tim.o(i.TIM_DMACmd), (18 bytes).
    Removing stm32f10x_tim.o(i.TIM_DMAConfig), (10 bytes).
    Removing stm32f10x_tim.o(i.TIM_DeInit), (488 bytes).
    Removing stm32f10x_tim.o(i.TIM_ETRClockMode1Config), (54 bytes).
    Removing stm32f10x_tim.o(i.TIM_ETRClockMode2Config), (32 bytes).
    Removing stm32f10x_tim.o(i.TIM_ETRConfig), (28 bytes).
    Removing stm32f10x_tim.o(i.TIM_EncoderInterfaceConfig), (66 bytes).
    Removing stm32f10x_tim.o(i.TIM_ForcedOC1Config), (18 bytes).
    Removing stm32f10x_tim.o(i.TIM_ForcedOC2Config), (26 bytes).
    Removing stm32f10x_tim.o(i.TIM_ForcedOC3Config), (18 bytes).
    Removing stm32f10x_tim.o(i.TIM_ForcedOC4Config), (26 bytes).
    Removing stm32f10x_tim.o(i.TIM_GenerateEvent), (4 bytes).
    Removing stm32f10x_tim.o(i.TIM_GetCapture1), (6 bytes).
    Removing stm32f10x_tim.o(i.TIM_GetCapture2), (6 bytes).
    Removing stm32f10x_tim.o(i.TIM_GetCapture3), (6 bytes).
    Removing stm32f10x_tim.o(i.TIM_GetCapture4), (8 bytes).
    Removing stm32f10x_tim.o(i.TIM_GetCounter), (6 bytes).
    Removing stm32f10x_tim.o(i.TIM_GetFlagStatus), (18 bytes).
    Removing stm32f10x_tim.o(i.TIM_GetPrescaler), (6 bytes).
    Removing stm32f10x_tim.o(i.TIM_ICInit), (172 bytes).
    Removing stm32f10x_tim.o(i.TIM_ICStructInit), (18 bytes).
    Removing stm32f10x_tim.o(i.TIM_ITRxExternalClockConfig), (24 bytes).
    Removing stm32f10x_tim.o(i.TIM_InternalClockConfig), (12 bytes).
    Removing stm32f10x_tim.o(i.TIM_OC1FastConfig), (18 bytes).
    Removing stm32f10x_tim.o(i.TIM_OC1Init), (152 bytes).
    Removing stm32f10x_tim.o(i.TIM_OC1NPolarityConfig), (18 bytes).
    Removing stm32f10x_tim.o(i.TIM_OC1PolarityConfig), (18 bytes).
    Removing stm32f10x_tim.o(i.TIM_OC1PreloadConfig), (18 bytes).
    Removing stm32f10x_tim.o(i.TIM_OC2FastConfig), (26 bytes).
    Removing stm32f10x_tim.o(i.TIM_OC2Init), (164 bytes).
    Removing stm32f10x_tim.o(i.TIM_OC2NPolarityConfig), (26 bytes).
    Removing stm32f10x_tim.o(i.TIM_OC2PolarityConfig), (26 bytes).
    Removing stm32f10x_tim.o(i.TIM_OC2PreloadConfig), (26 bytes).
    Removing stm32f10x_tim.o(i.TIM_OC3FastConfig), (18 bytes).
    Removing stm32f10x_tim.o(i.TIM_OC3Init), (160 bytes).
    Removing stm32f10x_tim.o(i.TIM_OC3NPolarityConfig), (26 bytes).
    Removing stm32f10x_tim.o(i.TIM_OC3PolarityConfig), (26 bytes).
    Removing stm32f10x_tim.o(i.TIM_OC3PreloadConfig), (18 bytes).
    Removing stm32f10x_tim.o(i.TIM_OC4FastConfig), (26 bytes).
    Removing stm32f10x_tim.o(i.TIM_OC4Init), (124 bytes).
    Removing stm32f10x_tim.o(i.TIM_OC4PolarityConfig), (26 bytes).
    Removing stm32f10x_tim.o(i.TIM_OC4PreloadConfig), (26 bytes).
    Removing stm32f10x_tim.o(i.TIM_OCStructInit), (20 bytes).
    Removing stm32f10x_tim.o(i.TIM_PWMIConfig), (124 bytes).
    Removing stm32f10x_tim.o(i.TIM_PrescalerConfig), (6 bytes).
    Removing stm32f10x_tim.o(i.TIM_SelectCCDMA), (24 bytes).
    Removing stm32f10x_tim.o(i.TIM_SelectCOM), (24 bytes).
    Removing stm32f10x_tim.o(i.TIM_SelectHallSensor), (24 bytes).
    Removing stm32f10x_tim.o(i.TIM_SelectInputTrigger), (18 bytes).
    Removing stm32f10x_tim.o(i.TIM_SelectMasterSlaveMode), (18 bytes).
    Removing stm32f10x_tim.o(i.TIM_SelectOCxM), (82 bytes).
    Removing stm32f10x_tim.o(i.TIM_SelectOnePulseMode), (18 bytes).
    Removing stm32f10x_tim.o(i.TIM_SelectOutputTrigger), (18 bytes).
    Removing stm32f10x_tim.o(i.TIM_SelectSlaveMode), (18 bytes).
    Removing stm32f10x_tim.o(i.TIM_SetAutoreload), (4 bytes).
    Removing stm32f10x_tim.o(i.TIM_SetClockDivision), (18 bytes).
    Removing stm32f10x_tim.o(i.TIM_SetCompare1), (4 bytes).
    Removing stm32f10x_tim.o(i.TIM_SetCompare2), (4 bytes).
    Removing stm32f10x_tim.o(i.TIM_SetCompare3), (4 bytes).
    Removing stm32f10x_tim.o(i.TIM_SetCompare4), (6 bytes).
    Removing stm32f10x_tim.o(i.TIM_SetIC1Prescaler), (18 bytes).
    Removing stm32f10x_tim.o(i.TIM_SetIC2Prescaler), (26 bytes).
    Removing stm32f10x_tim.o(i.TIM_SetIC3Prescaler), (18 bytes).
    Removing stm32f10x_tim.o(i.TIM_SetIC4Prescaler), (26 bytes).
    Removing stm32f10x_tim.o(i.TIM_TIxExternalClockConfig), (62 bytes).
    Removing stm32f10x_tim.o(i.TIM_TimeBaseStructInit), (18 bytes).
    Removing stm32f10x_tim.o(i.TIM_UpdateDisableConfig), (24 bytes).
    Removing stm32f10x_tim.o(i.TIM_UpdateRequestConfig), (24 bytes).
    Removing stm32f10x_usart.o(i.USART_ClearFlag), (18 bytes).
    Removing stm32f10x_usart.o(i.USART_ClockInit), (34 bytes).
    Removing stm32f10x_usart.o(i.USART_ClockStructInit), (12 bytes).
    Removing stm32f10x_usart.o(i.USART_DMACmd), (18 bytes).
    Removing stm32f10x_usart.o(i.USART_HalfDuplexCmd), (24 bytes).
    Removing stm32f10x_usart.o(i.USART_IrDACmd), (24 bytes).
    Removing stm32f10x_usart.o(i.USART_IrDAConfig), (18 bytes).
    Removing stm32f10x_usart.o(i.USART_LINBreakDetectLengthConfig), (18 bytes).
    Removing stm32f10x_usart.o(i.USART_LINCmd), (24 bytes).
    Removing stm32f10x_usart.o(i.USART_OneBitMethodCmd), (24 bytes).
    Removing stm32f10x_usart.o(i.USART_OverSampling8Cmd), (22 bytes).
    Removing stm32f10x_usart.o(i.USART_ReceiverWakeUpCmd), (24 bytes).
    Removing stm32f10x_usart.o(i.USART_SendBreak), (10 bytes).
    Removing stm32f10x_usart.o(i.USART_SetAddress), (18 bytes).
    Removing stm32f10x_usart.o(i.USART_SetGuardTime), (16 bytes).
    Removing stm32f10x_usart.o(i.USART_SetPrescaler), (16 bytes).
    Removing stm32f10x_usart.o(i.USART_SmartCardCmd), (24 bytes).
    Removing stm32f10x_usart.o(i.USART_SmartCardNACKCmd), (24 bytes).
    Removing stm32f10x_usart.o(i.USART_StructInit), (24 bytes).
    Removing stm32f10x_usart.o(i.USART_WakeUpConfig), (18 bytes).
    Removing stm32f10x_wwdg.o(i.WWDG_ClearFlag), (12 bytes).
    Removing stm32f10x_wwdg.o(i.WWDG_DeInit), (22 bytes).
    Removing stm32f10x_wwdg.o(i.WWDG_Enable), (16 bytes).
    Removing stm32f10x_wwdg.o(i.WWDG_EnableIT), (12 bytes).
    Removing stm32f10x_wwdg.o(i.WWDG_GetFlagStatus), (12 bytes).
    Removing stm32f10x_wwdg.o(i.WWDG_SetCounter), (16 bytes).
    Removing stm32f10x_wwdg.o(i.WWDG_SetPrescaler), (24 bytes).
    Removing stm32f10x_wwdg.o(i.WWDG_SetWindowValue), (40 bytes).
    Removing stm32f10x_gpio.o(i.GPIO_AFIODeInit), (20 bytes).
    Removing stm32f10x_gpio.o(i.GPIO_DeInit), (200 bytes).
    Removing stm32f10x_gpio.o(i.GPIO_ETH_MediaInterfaceConfig), (12 bytes).
    Removing stm32f10x_gpio.o(i.GPIO_EXTILineConfig), (64 bytes).
    Removing stm32f10x_gpio.o(i.GPIO_EventOutputCmd), (12 bytes).
    Removing stm32f10x_gpio.o(i.GPIO_EventOutputConfig), (32 bytes).
    Removing stm32f10x_gpio.o(i.GPIO_PinLockConfig), (18 bytes).
    Removing stm32f10x_gpio.o(i.GPIO_PinRemapConfig), (144 bytes).
    Removing stm32f10x_gpio.o(i.GPIO_ReadInputData), (8 bytes).
    Removing stm32f10x_gpio.o(i.GPIO_ReadInputDataBit), (18 bytes).
    Removing stm32f10x_gpio.o(i.GPIO_ReadOutputData), (8 bytes).
    Removing stm32f10x_gpio.o(i.GPIO_ReadOutputDataBit), (18 bytes).
    Removing stm32f10x_gpio.o(i.GPIO_StructInit), (16 bytes).
    Removing stm32f10x_gpio.o(i.GPIO_Write), (4 bytes).
    Removing stm32f10x_gpio.o(i.GPIO_WriteBit), (10 bytes).
    Removing stm32f10x_rcc.o(i.RCC_ADCCLKConfig), (24 bytes).
    Removing stm32f10x_rcc.o(i.RCC_AHBPeriphClockCmd), (32 bytes).
    Removing stm32f10x_rcc.o(i.RCC_AdjustHSICalibrationValue), (24 bytes).
    Removing stm32f10x_rcc.o(i.RCC_BackupResetCmd), (12 bytes).
    Removing stm32f10x_rcc.o(i.RCC_ClearFlag), (20 bytes).
    Removing stm32f10x_rcc.o(i.RCC_ClearITPendingBit), (12 bytes).
    Removing stm32f10x_rcc.o(i.RCC_ClockSecuritySystemCmd), (12 bytes).
    Removing stm32f10x_rcc.o(i.RCC_DeInit), (76 bytes).
    Removing stm32f10x_rcc.o(i.RCC_GetFlagStatus), (60 bytes).
    Removing stm32f10x_rcc.o(i.RCC_GetITStatus), (24 bytes).
    Removing stm32f10x_rcc.o(i.RCC_GetSYSCLKSource), (16 bytes).
    Removing stm32f10x_rcc.o(i.RCC_HCLKConfig), (24 bytes).
    Removing stm32f10x_rcc.o(i.RCC_HSEConfig), (76 bytes).
    Removing stm32f10x_rcc.o(i.RCC_HSICmd), (12 bytes).
    Removing stm32f10x_rcc.o(i.RCC_ITConfig), (32 bytes).
    Removing stm32f10x_rcc.o(i.RCC_LSEConfig), (52 bytes).
    Removing stm32f10x_rcc.o(i.RCC_LSICmd), (12 bytes).
    Removing stm32f10x_rcc.o(i.RCC_MCOConfig), (12 bytes).
    Removing stm32f10x_rcc.o(i.RCC_PCLK1Config), (24 bytes).
    Removing stm32f10x_rcc.o(i.RCC_PCLK2Config), (24 bytes).
    Removing stm32f10x_rcc.o(i.RCC_PLLCmd), (12 bytes).
    Removing stm32f10x_rcc.o(i.RCC_PLLConfig), (28 bytes).
    Removing stm32f10x_rcc.o(i.RCC_RTCCLKCmd), (12 bytes).
    Removing stm32f10x_rcc.o(i.RCC_RTCCLKConfig), (16 bytes).
    Removing stm32f10x_rcc.o(i.RCC_SYSCLKConfig), (24 bytes).
    Removing stm32f10x_rcc.o(i.RCC_USBCLKConfig), (12 bytes).
    Removing stm32f10x_rcc.o(i.RCC_WaitForHSEStartUp), (56 bytes).
    Removing delay.o(i.delay_us), (76 bytes).
    Removing sys.o(.emb_text), (6 bytes).
    Removing sys.o(i.INTX_DISABLE), (4 bytes).
    Removing sys.o(i.INTX_ENABLE), (4 bytes).
    Removing sys.o(i.WFI_SET), (4 bytes).
    Removing usart.o(i._sys_exit), (4 bytes).
    Removing usart.o(i.fputc), (28 bytes).
    Removing usart.o(.bss), (200 bytes).
    Removing usart.o(.data), (6 bytes).
    Removing led.o(i.LED_Init), (144 bytes).
    Removing uart3.o(i.int_to_char), (130 bytes).
    Removing uart3.o(.data), (2 bytes).
    Removing usart_op.o(i.Char_To_Int), (52 bytes).
    Removing usart_op.o(i.HexChar_To_int), (90 bytes).
    Removing usart_op.o(i.commdIsRec), (116 bytes).
    Removing usart_op.o(i.str_copy), (24 bytes).
    Removing uart1.o(.data), (2 bytes).
    Removing master.o(i.Timer4_disable), (36 bytes).
    Removing master.o(i.Timer4_enable), (96 bytes).
    Removing timer.o(i.TIM2_PWMShiftInit), (160 bytes).

179 unused section(s) (total 6854 bytes) removed from the image.

==============================================================================

Image Symbol Table

    Local Symbols

    Symbol Name                              Value     Ov Type        Size  Object(Section)

    ../clib/microlib/division.c              0x00000000   Number         0  uldiv.o ABSOLUTE
    ../clib/microlib/division.c              0x00000000   Number         0  uidiv.o ABSOLUTE
    ../clib/microlib/init/entry.s            0x00000000   Number         0  entry10b.o ABSOLUTE
    ../clib/microlib/init/entry.s            0x00000000   Number         0  entry7a.o ABSOLUTE
    ../clib/microlib/init/entry.s            0x00000000   Number         0  entry2.o ABSOLUTE
    ../clib/microlib/init/entry.s            0x00000000   Number         0  entry5.o ABSOLUTE
    ../clib/microlib/init/entry.s            0x00000000   Number         0  entry9b.o ABSOLUTE
    ../clib/microlib/init/entry.s            0x00000000   Number         0  entry.o ABSOLUTE
    ../clib/microlib/init/entry.s            0x00000000   Number         0  entry9a.o ABSOLUTE
    ../clib/microlib/init/entry.s            0x00000000   Number         0  entry11b.o ABSOLUTE
    ../clib/microlib/init/entry.s            0x00000000   Number         0  entry11a.o ABSOLUTE
    ../clib/microlib/init/entry.s            0x00000000   Number         0  entry8b.o ABSOLUTE
    ../clib/microlib/init/entry.s            0x00000000   Number         0  entry8a.o ABSOLUTE
    ../clib/microlib/init/entry.s            0x00000000   Number         0  entry10a.o ABSOLUTE
    ../clib/microlib/init/entry.s            0x00000000   Number         0  entry7b.o ABSOLUTE
    ../clib/microlib/longlong.c              0x00000000   Number         0  llsshr.o ABSOLUTE
    ../clib/microlib/longlong.c              0x00000000   Number         0  llshl.o ABSOLUTE
    ../clib/microlib/longlong.c              0x00000000   Number         0  llushr.o ABSOLUTE
    ../clib/microlib/malloc/calloc.c         0x00000000   Number         0  calloc.o ABSOLUTE
    ../clib/microlib/malloc/malloc.c         0x00000000   Number         0  malloc.o ABSOLUTE
    ../clib/microlib/malloc/malloc.c         0x00000000   Number         0  mallocr.o ABSOLUTE
    ../clib/microlib/malloc/malloc.c         0x00000000   Number         0  mallocra.o ABSOLUTE
    ../clib/microlib/malloc/malloc.c         0x00000000   Number         0  malloca.o ABSOLUTE
    ../clib/microlib/malloc/mvars.c          0x00000000   Number         0  mvars.o ABSOLUTE
    ../clib/microlib/printf/printf.c         0x00000000   Number         0  printf8.o ABSOLUTE
    ../clib/microlib/printf/printf.c         0x00000000   Number         0  printf1.o ABSOLUTE
    ../clib/microlib/printf/printf.c         0x00000000   Number         0  printf2.o ABSOLUTE
    ../clib/microlib/printf/printf.c         0x00000000   Number         0  printf3.o ABSOLUTE
    ../clib/microlib/printf/printf.c         0x00000000   Number         0  printf4.o ABSOLUTE
    ../clib/microlib/printf/printf.c         0x00000000   Number         0  printf5.o ABSOLUTE
    ../clib/microlib/printf/printf.c         0x00000000   Number         0  printf6.o ABSOLUTE
    ../clib/microlib/printf/printf.c         0x00000000   Number         0  printf7.o ABSOLUTE
    ../clib/microlib/printf/printf.c         0x00000000   Number         0  printf0.o ABSOLUTE
    ../clib/microlib/printf/printf.c         0x00000000   Number         0  printfa.o ABSOLUTE
    ../clib/microlib/printf/printf.c         0x00000000   Number         0  printfb.o ABSOLUTE
    ../clib/microlib/printf/stubs.s          0x00000000   Number         0  stubs.o ABSOLUTE
    ../clib/microlib/string/memcpy.c         0x00000000   Number         0  memcpya.o ABSOLUTE
    ../clib/microlib/string/memcpy.c         0x00000000   Number         0  memcpyb.o ABSOLUTE
    ../clib/microlib/stubs.s                 0x00000000   Number         0  iusefp.o ABSOLUTE
    ../clib/microlib/stubs.s                 0x00000000   Number         0  useno.o ABSOLUTE
    ../fplib/microlib/d2f.c                  0x00000000   Number         0  d2f.o ABSOLUTE
    ../fplib/microlib/f2d.c                  0x00000000   Number         0  f2d.o ABSOLUTE
    ../fplib/microlib/fpadd.c                0x00000000   Number         0  dadd.o ABSOLUTE
    ../fplib/microlib/fpadd.c                0x00000000   Number         0  fadd.o ABSOLUTE
    ../fplib/microlib/fpdiv.c                0x00000000   Number         0  ddiv.o ABSOLUTE
    ../fplib/microlib/fpdiv.c                0x00000000   Number         0  fdiv.o ABSOLUTE
    ../fplib/microlib/fpepilogue.c           0x00000000   Number         0  fepilogue.o ABSOLUTE
    ../fplib/microlib/fpepilogue.c           0x00000000   Number         0  depilogue.o ABSOLUTE
    ../fplib/microlib/fpfix.c                0x00000000   Number         0  dfixul.o ABSOLUTE
    ../fplib/microlib/fpflt.c                0x00000000   Number         0  fflti.o ABSOLUTE
    ../fplib/microlib/fpflt.c                0x00000000   Number         0  ffltui.o ABSOLUTE
    ../fplib/microlib/fpmul.c                0x00000000   Number         0  dmul.o ABSOLUTE
    ..\CORE\core_cm3.c                       0x00000000   Number         0  core_cm3.o ABSOLUTE
    ..\CORE\startup_stm32f10x_md.s           0x00000000   Number         0  startup_stm32f10x_md.o ABSOLUTE
    ..\HARDWARE\LED\FlagDeal.c               0x00000000   Number         0  flagdeal.o ABSOLUTE
    ..\HARDWARE\LED\led.c                    0x00000000   Number         0  led.o ABSOLUTE
    ..\HARDWARE\LED\master.c                 0x00000000   Number         0  master.o ABSOLUTE
    ..\HARDWARE\LED\relay.c                  0x00000000   Number         0  relay.o ABSOLUTE
    ..\HARDWARE\LED\timer.c                  0x00000000   Number         0  timer.o ABSOLUTE
    ..\HARDWARE\LED\uart3.c                  0x00000000   Number         0  uart3.o ABSOLUTE
    ..\HARDWARE\LED\usart_op.c               0x00000000   Number         0  usart_op.o ABSOLUTE
    ..\STM32F10x_FWLib\src\misc.c            0x00000000   Number         0  misc.o ABSOLUTE
    ..\STM32F10x_FWLib\src\stm32f10x_gpio.c  0x00000000   Number         0  stm32f10x_gpio.o ABSOLUTE
    ..\STM32F10x_FWLib\src\stm32f10x_rcc.c   0x00000000   Number         0  stm32f10x_rcc.o ABSOLUTE
    ..\STM32F10x_FWLib\src\stm32f10x_tim.c   0x00000000   Number         0  stm32f10x_tim.o ABSOLUTE
    ..\STM32F10x_FWLib\src\stm32f10x_usart.c 0x00000000   Number         0  stm32f10x_usart.o ABSOLUTE
    ..\STM32F10x_FWLib\src\stm32f10x_wwdg.c  0x00000000   Number         0  stm32f10x_wwdg.o ABSOLUTE
    ..\SYSTEM\ad7191\ad7191.c                0x00000000   Number         0  ad7191.o ABSOLUTE
    ..\SYSTEM\delay\delay.c                  0x00000000   Number         0  delay.o ABSOLUTE
    ..\SYSTEM\sys\sys.c                      0x00000000   Number         0  sys.o ABSOLUTE
    ..\SYSTEM\usart\uart1.c                  0x00000000   Number         0  uart1.o ABSOLUTE
    ..\SYSTEM\usart\usart.c                  0x00000000   Number         0  usart.o ABSOLUTE
    ..\\CORE\\core_cm3.c                     0x00000000   Number         0  core_cm3.o ABSOLUTE
    ..\\SYSTEM\\sys\\sys.c                   0x00000000   Number         0  sys.o ABSOLUTE
    cdcmple.s                                0x00000000   Number         0  cdcmple.o ABSOLUTE
    cdrcmple.s                               0x00000000   Number         0  cdrcmple.o ABSOLUTE
    cfcmple.s                                0x00000000   Number         0  cfcmple.o ABSOLUTE
    cfrcmple.s                               0x00000000   Number         0  cfrcmple.o ABSOLUTE
    dc.s                                     0x00000000   Number         0  dc.o ABSOLUTE
    handlers.s                               0x00000000   Number         0  handlers.o ABSOLUTE
    init.s                                   0x00000000   Number         0  init.o ABSOLUTE
    main.c                                   0x00000000   Number         0  main.o ABSOLUTE
    stm32f10x_it.c                           0x00000000   Number         0  stm32f10x_it.o ABSOLUTE
    system_stm32f10x.c                       0x00000000   Number         0  system_stm32f10x.o ABSOLUTE
    RESET                                    0x08000000   Section      236  startup_stm32f10x_md.o(RESET)
    .ARM.Collect$$$$00000000                 0x080000ec   Section        0  entry.o(.ARM.Collect$$$$00000000)
    .ARM.Collect$$$$00000001                 0x080000ec   Section        4  entry2.o(.ARM.Collect$$$$00000001)
    .ARM.Collect$$$$00000004                 0x080000f0   Section        4  entry5.o(.ARM.Collect$$$$00000004)
    .ARM.Collect$$$$00000008                 0x080000f4   Section        0  entry7b.o(.ARM.Collect$$$$00000008)
    .ARM.Collect$$$$0000000A                 0x080000f4   Section        0  entry8b.o(.ARM.Collect$$$$0000000A)
    .ARM.Collect$$$$0000000B                 0x080000f4   Section        8  entry9a.o(.ARM.Collect$$$$0000000B)
    .ARM.Collect$$$$0000000D                 0x080000fc   Section        0  entry10a.o(.ARM.Collect$$$$0000000D)
    .ARM.Collect$$$$0000000F                 0x080000fc   Section        0  entry11a.o(.ARM.Collect$$$$0000000F)
    .ARM.Collect$$$$00002712                 0x080000fc   Section        4  entry2.o(.ARM.Collect$$$$00002712)
    __lit__00000000                          0x080000fc   Data           4  entry2.o(.ARM.Collect$$$$00002712)
    .text                                    0x08000100   Section       36  startup_stm32f10x_md.o(.text)
    .text                                    0x08000124   Section        0  memcpya.o(.text)
    .text                                    0x08000148   Section        0  calloc.o(.text)
    .text                                    0x08000164   Section        0  fadd.o(.text)
    .text                                    0x08000214   Section        0  fdiv.o(.text)
    .text                                    0x08000290   Section        0  dadd.o(.text)
    .text                                    0x080003de   Section        0  dmul.o(.text)
    .text                                    0x080004c2   Section        0  ddiv.o(.text)
    .text                                    0x080005a0   Section        0  fflti.o(.text)
    .text                                    0x080005b2   Section        0  ffltui.o(.text)
    .text                                    0x080005bc   Section        0  f2d.o(.text)
    .text                                    0x080005e4   Section       48  cdcmple.o(.text)
    .text                                    0x08000614   Section       48  cdrcmple.o(.text)
    .text                                    0x08000644   Section        0  d2f.o(.text)
    .text                                    0x0800067c   Section       20  cfcmple.o(.text)
    .text                                    0x08000690   Section       20  cfrcmple.o(.text)
    .text                                    0x080006a4   Section        0  uidiv.o(.text)
    .text                                    0x080006d0   Section        0  uldiv.o(.text)
    .text                                    0x08000732   Section        0  llshl.o(.text)
    .text                                    0x08000750   Section        0  llsshr.o(.text)
    .text                                    0x08000774   Section        0  iusefp.o(.text)
    .text                                    0x08000774   Section        0  fepilogue.o(.text)
    .text                                    0x080007e2   Section        0  depilogue.o(.text)
    .text                                    0x0800089c   Section        0  dfixul.o(.text)
    .text                                    0x080008cc   Section       36  init.o(.text)
    .text                                    0x080008f0   Section        0  llushr.o(.text)
    i.AD7191_gpio_Configuration              0x08000910   Section        0  ad7191.o(i.AD7191_gpio_Configuration)
    i.BusFault_Handler                       0x080009ac   Section        0  stm32f10x_it.o(i.BusFault_Handler)
    i.DebugMon_Handler                       0x080009b0   Section        0  stm32f10x_it.o(i.DebugMon_Handler)
    i.Flag_Deal                              0x080009b4   Section        0  flagdeal.o(i.Flag_Deal)
    i.GPIO_Init                              0x08000a04   Section        0  stm32f10x_gpio.o(i.GPIO_Init)
    i.GPIO_ResetBits                         0x08000b1a   Section        0  stm32f10x_gpio.o(i.GPIO_ResetBits)
    i.GPIO_SetBits                           0x08000b1e   Section        0  stm32f10x_gpio.o(i.GPIO_SetBits)
    i.GetValueMidTui                         0x08000b24   Section        0  ad7191.o(i.GetValueMidTui)
    i.HardFault_Handler                      0x08000b5c   Section        0  stm32f10x_it.o(i.HardFault_Handler)
    i.HexToASCII                             0x08000b60   Section        0  master.o(i.HexToASCII)
    i.MemManage_Handler                      0x08000ba6   Section        0  stm32f10x_it.o(i.MemManage_Handler)
    i.NMI_Handler                            0x08000baa   Section        0  stm32f10x_it.o(i.NMI_Handler)
    i.NVIC_Init                              0x08000bac   Section        0  misc.o(i.NVIC_Init)
    i.NVIC_PriorityGroupConfig               0x08000c1c   Section        0  misc.o(i.NVIC_PriorityGroupConfig)
    i.PendSV_Handler                         0x08000c30   Section        0  stm32f10x_it.o(i.PendSV_Handler)
    i.RCC_APB1PeriphClockCmd                 0x08000c34   Section        0  stm32f10x_rcc.o(i.RCC_APB1PeriphClockCmd)
    i.RCC_APB1PeriphResetCmd                 0x08000c54   Section        0  stm32f10x_rcc.o(i.RCC_APB1PeriphResetCmd)
    i.RCC_APB2PeriphClockCmd                 0x08000c74   Section        0  stm32f10x_rcc.o(i.RCC_APB2PeriphClockCmd)
    i.RCC_APB2PeriphResetCmd                 0x08000c94   Section        0  stm32f10x_rcc.o(i.RCC_APB2PeriphResetCmd)
    i.RCC_GetClocksFreq                      0x08000cb4   Section        0  stm32f10x_rcc.o(i.RCC_GetClocksFreq)
    i.READ_HMI                               0x08000d88   Section        0  uart1.o(i.READ_HMI)
    i.RELAY_Init                             0x08000db8   Section        0  relay.o(i.RELAY_Init)
    i.RS485_Init                             0x08000e28   Section        0  master.o(i.RS485_Init)
    i.RS485_SendData                         0x08000f40   Section        0  master.o(i.RS485_SendData)
    i.SVC_Handler                            0x08000f98   Section        0  stm32f10x_it.o(i.SVC_Handler)
    i.SetSysClock                            0x08000f9a   Section        0  system_stm32f10x.o(i.SetSysClock)
    SetSysClock                              0x08000f9b   Thumb Code     8  system_stm32f10x.o(i.SetSysClock)
    i.SetSysClockTo72                        0x08000fa4   Section        0  system_stm32f10x.o(i.SetSysClockTo72)
    SetSysClockTo72                          0x08000fa5   Thumb Code   214  system_stm32f10x.o(i.SetSysClockTo72)
    i.SysTick_CLKSourceConfig                0x08001084   Section        0  misc.o(i.SysTick_CLKSourceConfig)
    i.SysTick_Handler                        0x080010ac   Section        0  stm32f10x_it.o(i.SysTick_Handler)
    i.SystemInit                             0x080010b0   Section        0  system_stm32f10x.o(i.SystemInit)
    i.TIM2_IRQHandler                        0x08001110   Section        0  timer.o(i.TIM2_IRQHandler)
    i.TIM2_Int_Init                          0x08001254   Section        0  timer.o(i.TIM2_Int_Init)
    i.TIM3_IRQHandler                        0x080012d0   Section        0  master.o(i.TIM3_IRQHandler)
    i.TIM4_IRQHandler                        0x0800130c   Section        0  master.o(i.TIM4_IRQHandler)
    i.TIM_ClearITPendingBit                  0x08001328   Section        0  stm32f10x_tim.o(i.TIM_ClearITPendingBit)
    i.TIM_Cmd                                0x0800132e   Section        0  stm32f10x_tim.o(i.TIM_Cmd)
    i.TIM_GetITStatus                        0x08001346   Section        0  stm32f10x_tim.o(i.TIM_GetITStatus)
    i.TIM_ITConfig                           0x08001368   Section        0  stm32f10x_tim.o(i.TIM_ITConfig)
    i.TIM_SetCounter                         0x0800137a   Section        0  stm32f10x_tim.o(i.TIM_SetCounter)
    i.TIM_TimeBaseInit                       0x08001380   Section        0  stm32f10x_tim.o(i.TIM_TimeBaseInit)
    i.Timer3_Init                            0x08001424   Section        0  master.o(i.Timer3_Init)
    i.USART1_IRQHandler                      0x08001490   Section        0  uart1.o(i.USART1_IRQHandler)
    i.USART1_Push                            0x08001500   Section        0  uart1.o(i.USART1_Push)
    i.USART2_IRQHandler                      0x0800153c   Section        0  master.o(i.USART2_IRQHandler)
    i.USART3_IRQHandler                      0x080015b8   Section        0  uart3.o(i.USART3_IRQHandler)
    i.USART3_Push                            0x08001628   Section        0  uart3.o(i.USART3_Push)
    i.USART_ClearITPendingBit                0x08001664   Section        0  stm32f10x_usart.o(i.USART_ClearITPendingBit)
    i.USART_Cmd                              0x08001682   Section        0  stm32f10x_usart.o(i.USART_Cmd)
    i.USART_DeInit                           0x0800169c   Section        0  stm32f10x_usart.o(i.USART_DeInit)
    i.USART_GetFlagStatus                    0x08001738   Section        0  stm32f10x_usart.o(i.USART_GetFlagStatus)
    i.USART_GetITStatus                      0x08001752   Section        0  stm32f10x_usart.o(i.USART_GetITStatus)
    i.USART_ITConfig                         0x080017a6   Section        0  stm32f10x_usart.o(i.USART_ITConfig)
    i.USART_Init                             0x080017f0   Section        0  stm32f10x_usart.o(i.USART_Init)
    i.USART_RecDeal                          0x080018c8   Section        0  usart_op.o(i.USART_RecDeal)
    i.USART_ReceiveData                      0x08001b0c   Section        0  stm32f10x_usart.o(i.USART_ReceiveData)
    i.USART_SendData                         0x08001b16   Section        0  stm32f10x_usart.o(i.USART_SendData)
    i.UsageFault_Handler                     0x08001b1e   Section        0  stm32f10x_it.o(i.UsageFault_Handler)
    i.WRITE_CF                               0x08001b24   Section        0  master.o(i.WRITE_CF)
    i.WRITE_CF_HZ                            0x08001b74   Section        0  master.o(i.WRITE_CF_HZ)
    i.__0sprintf                             0x08001bf8   Section        0  printfa.o(i.__0sprintf)
    i.__scatterload_copy                     0x08001c20   Section       14  handlers.o(i.__scatterload_copy)
    i.__scatterload_null                     0x08001c2e   Section        2  handlers.o(i.__scatterload_null)
    i.__scatterload_zeroinit                 0x08001c30   Section       14  handlers.o(i.__scatterload_zeroinit)
    i._fp_digits                             0x08001c40   Section        0  printfa.o(i._fp_digits)
    _fp_digits                               0x08001c41   Thumb Code   334  printfa.o(i._fp_digits)
    i._printf_core                           0x08001da4   Section        0  printfa.o(i._printf_core)
    _printf_core                             0x08001da5   Thumb Code  1744  printfa.o(i._printf_core)
    i._printf_post_padding                   0x08002480   Section        0  printfa.o(i._printf_post_padding)
    _printf_post_padding                     0x08002481   Thumb Code    36  printfa.o(i._printf_post_padding)
    i._printf_pre_padding                    0x080024a4   Section        0  printfa.o(i._printf_pre_padding)
    _printf_pre_padding                      0x080024a5   Thumb Code    46  printfa.o(i._printf_pre_padding)
    i._sputc                                 0x080024d2   Section        0  printfa.o(i._sputc)
    _sputc                                   0x080024d3   Thumb Code    10  printfa.o(i._sputc)
    i.ad7191_config                          0x080024dc   Section        0  ad7191.o(i.ad7191_config)
    i.ad7191_off                             0x0800251c   Section        0  ad7191.o(i.ad7191_off)
    i.ad7191_on                              0x08002530   Section        0  ad7191.o(i.ad7191_on)
    i.average_ad                             0x08002544   Section        0  ad7191.o(i.average_ad)
    i.average_deal                           0x080025f8   Section        0  ad7191.o(i.average_deal)
    i.commdIsRec_uart1                       0x0800261c   Section        0  usart_op.o(i.commdIsRec_uart1)
    i.deal_num                               0x080026b8   Section        0  ad7191.o(i.deal_num)
    i.delay_init                             0x080026e8   Section        0  delay.o(i.delay_init)
    i.delay_ms                               0x0800272c   Section        0  delay.o(i.delay_ms)
    i.filter_AD                              0x08002778   Section        0  ad7191.o(i.filter_AD)
    i.flag_sys_init                          0x080027e0   Section        0  flagdeal.o(i.flag_sys_init)
    i.free                                   0x080027f0   Section        0  malloc.o(i.free)
    i.getStr                                 0x08002840   Section        0  usart_op.o(i.getStr)
    i.get_data_and_send                      0x08002864   Section        0  ad7191.o(i.get_data_and_send)
    i.main                                   0x08002ad4   Section        0  main.o(i.main)
    i.malloc                                 0x08002ba0   Section        0  malloc.o(i.malloc)
    i.read_data_from_ad7191                  0x08002c0c   Section        0  ad7191.o(i.read_data_from_ad7191)
    i.register_flag                          0x08002c38   Section        0  flagdeal.o(i.register_flag)
    i.select_IN_OR_EX                        0x08002c64   Section        0  ad7191.o(i.select_IN_OR_EX)
    i.select_tem                             0x08002c88   Section        0  ad7191.o(i.select_tem)
    i.sellect_channal                        0x08002cac   Section        0  ad7191.o(i.sellect_channal)
    i.set_gain                               0x08002cc4   Section        0  ad7191.o(i.set_gain)
    i.set_rate                               0x08002d2c   Section        0  ad7191.o(i.set_rate)
    i.str_compare                            0x08002d94   Section        0  usart_op.o(i.str_compare)
    i.uart1_init                             0x08002db8   Section        0  uart1.o(i.uart1_init)
    i.uart3_init                             0x08002e60   Section        0  uart3.o(i.uart3_init)
    i.uart_init                              0x08002f0c   Section        0  usart.o(i.uart_init)
    .data                                    0x20000000   Section       20  system_stm32f10x.o(.data)
    .data                                    0x20000014   Section       20  stm32f10x_rcc.o(.data)
    APBAHBPrescTable                         0x20000014   Data          16  stm32f10x_rcc.o(.data)
    ADCPrescTable                            0x20000024   Data           4  stm32f10x_rcc.o(.data)
    .data                                    0x20000028   Section        4  delay.o(.data)
    fac_us                                   0x20000028   Data           1  delay.o(.data)
    fac_ms                                   0x2000002a   Data           2  delay.o(.data)
    .data                                    0x2000002c   Section       48  ad7191.o(.data)
    amp                                      0x20000044   Data           4  ad7191.o(.data)
    i                                        0x20000048   Data           4  ad7191.o(.data)
    sum                                      0x2000004c   Data           4  ad7191.o(.data)
    count                                    0x20000050   Data           4  ad7191.o(.data)
    damp                                     0x20000054   Data           4  ad7191.o(.data)
    i_con                                    0x20000058   Data           4  ad7191.o(.data)
    .data                                    0x2000005c   Section       68  usart_op.o(.data)
    times                                    0x20000094   Data           4  usart_op.o(.data)
    cnt                                      0x20000098   Data           1  usart_op.o(.data)
    state_now                                0x20000099   Data           1  usart_op.o(.data)
    state_old                                0x2000009a   Data           1  usart_op.o(.data)
    value_current                            0x2000009c   Data           4  usart_op.o(.data)
    .data                                    0x200000a0   Section       27  master.o(.data)
    .data                                    0x200000bc   Section       32  timer.o(.data)
    cnt                                      0x200000d0   Data           4  timer.o(.data)
    time_buf                                 0x200000d4   Data           4  timer.o(.data)
    sec_2                                    0x200000d8   Data           4  timer.o(.data)
    .data                                    0x200000dc   Section        4  mvars.o(.data)
    .data                                    0x200000e0   Section        4  mvars.o(.data)
    .bss                                     0x200000e4   Section      516  flagdeal.o(.bss)
    .bss                                     0x200002e8   Section      774  uart3.o(.bss)
    .bss                                     0x200005ee   Section      230  usart_op.o(.bss)
    .bss                                     0x200006d4   Section     1030  uart1.o(.bss)
    .bss                                     0x20000ada   Section     4096  master.o(.bss)
    HEAP                                     0x20001ae0   Section      512  startup_stm32f10x_md.o(HEAP)
    STACK                                    0x20001ce0   Section     1024  startup_stm32f10x_md.o(STACK)

    Global Symbols

    Symbol Name                              Value     Ov Type        Size  Object(Section)

    BuildAttributes$$THM_ISAv4$P$D$K$B$S$PE$A:L22UL41UL21$X:L11$S22US41US21$IEEE1$IW$USESV6$~STKCKD$USESV7$~SHL$OTIME$ROPI$EBA8$MICROLIB$REQ8$PRES8$EABIv2 0x00000000   Number         0  anon$$obj.o ABSOLUTE
    __ARM_use_no_argv                        0x00000000   Number         0  main.o ABSOLUTE
    __use_no_errno                           0x00000000   Number         0  useno.o ABSOLUTE
    __use_no_exception_handling              0x00000000   Number         0  useno.o ABSOLUTE
    __use_no_fp                              0x00000000   Number         0  useno.o ABSOLUTE
    __use_no_heap                            0x00000000   Number         0  useno.o ABSOLUTE
    __use_no_heap_region                     0x00000000   Number         0  useno.o ABSOLUTE
    __use_no_semihosting                     0x00000000   Number         0  useno.o ABSOLUTE
    __use_no_semihosting_swi                 0x00000000   Number         0  useno.o ABSOLUTE
    __use_no_signal_handling                 0x00000000   Number         0  useno.o ABSOLUTE
    _printf_a                                0x00000000   Number         0  stubs.o ABSOLUTE
    _printf_c                                0x00000000   Number         0  stubs.o ABSOLUTE
    _printf_charcount                        0x00000000   Number         0  stubs.o ABSOLUTE
    _printf_d                                0x00000000   Number         0  stubs.o ABSOLUTE
    _printf_e                                0x00000000   Number         0  stubs.o ABSOLUTE
    _printf_f                                0x00000000   Number         0  stubs.o ABSOLUTE
    _printf_flags                            0x00000000   Number         0  stubs.o ABSOLUTE
    _printf_fp_dec                           0x00000000   Number         0  stubs.o ABSOLUTE
    _printf_fp_hex                           0x00000000   Number         0  stubs.o ABSOLUTE
    _printf_g                                0x00000000   Number         0  stubs.o ABSOLUTE
    _printf_i                                0x00000000   Number         0  stubs.o ABSOLUTE
    _printf_int_dec                          0x00000000   Number         0  stubs.o ABSOLUTE
    _printf_l                                0x00000000   Number         0  stubs.o ABSOLUTE
    _printf_lc                               0x00000000   Number         0  stubs.o ABSOLUTE
    _printf_ll                               0x00000000   Number         0  stubs.o ABSOLUTE
    _printf_lld                              0x00000000   Number         0  stubs.o ABSOLUTE
    _printf_lli                              0x00000000   Number         0  stubs.o ABSOLUTE
    _printf_llo                              0x00000000   Number         0  stubs.o ABSOLUTE
    _printf_llu                              0x00000000   Number         0  stubs.o ABSOLUTE
    _printf_llx                              0x00000000   Number         0  stubs.o ABSOLUTE
    _printf_longlong_dec                     0x00000000   Number         0  stubs.o ABSOLUTE
    _printf_longlong_hex                     0x00000000   Number         0  stubs.o ABSOLUTE
    _printf_longlong_oct                     0x00000000   Number         0  stubs.o ABSOLUTE
    _printf_ls                               0x00000000   Number         0  stubs.o ABSOLUTE
    _printf_mbtowc                           0x00000000   Number         0  stubs.o ABSOLUTE
    _printf_n                                0x00000000   Number         0  stubs.o ABSOLUTE
    _printf_o                                0x00000000   Number         0  stubs.o ABSOLUTE
    _printf_p                                0x00000000   Number         0  stubs.o ABSOLUTE
    _printf_percent                          0x00000000   Number         0  stubs.o ABSOLUTE
    _printf_pre_padding                      0x00000000   Number         0  stubs.o ABSOLUTE
    _printf_return_value                     0x00000000   Number         0  stubs.o ABSOLUTE
    _printf_s                                0x00000000   Number         0  stubs.o ABSOLUTE
    _printf_sizespec                         0x00000000   Number         0  stubs.o ABSOLUTE
    _printf_str                              0x00000000   Number         0  stubs.o ABSOLUTE
    _printf_truncate_signed                  0x00000000   Number         0  stubs.o ABSOLUTE
    _printf_truncate_unsigned                0x00000000   Number         0  stubs.o ABSOLUTE
    _printf_u                                0x00000000   Number         0  stubs.o ABSOLUTE
    _printf_wc                               0x00000000   Number         0  stubs.o ABSOLUTE
    _printf_wctomb                           0x00000000   Number         0  stubs.o ABSOLUTE
    _printf_widthprec                        0x00000000   Number         0  stubs.o ABSOLUTE
    _printf_x                                0x00000000   Number         0  stubs.o ABSOLUTE
    __cpp_initialize__aeabi_                  - Undefined Weak Reference
    __cxa_finalize                            - Undefined Weak Reference
    __decompress                              - Undefined Weak Reference
    _clock_init                               - Undefined Weak Reference
    _microlib_exit                            - Undefined Weak Reference
    __Vectors_Size                           0x000000ec   Number         0  startup_stm32f10x_md.o ABSOLUTE
    __Vectors                                0x08000000   Data           4  startup_stm32f10x_md.o(RESET)
    __Vectors_End                            0x080000ec   Data           0  startup_stm32f10x_md.o(RESET)
    __main                                   0x080000ed   Thumb Code     0  entry.o(.ARM.Collect$$$$00000000)
    _main_stk                                0x080000ed   Thumb Code     0  entry2.o(.ARM.Collect$$$$00000001)
    _main_scatterload                        0x080000f1   Thumb Code     0  entry5.o(.ARM.Collect$$$$00000004)
    __main_after_scatterload                 0x080000f5   Thumb Code     0  entry5.o(.ARM.Collect$$$$00000004)
    _main_clock                              0x080000f5   Thumb Code     0  entry7b.o(.ARM.Collect$$$$00000008)
    _main_cpp_init                           0x080000f5   Thumb Code     0  entry8b.o(.ARM.Collect$$$$0000000A)
    _main_init                               0x080000f5   Thumb Code     0  entry9a.o(.ARM.Collect$$$$0000000B)
    __rt_final_cpp                           0x080000fd   Thumb Code     0  entry10a.o(.ARM.Collect$$$$0000000D)
    __rt_final_exit                          0x080000fd   Thumb Code     0  entry11a.o(.ARM.Collect$$$$0000000F)
    Reset_Handler                            0x08000101   Thumb Code     8  startup_stm32f10x_md.o(.text)
    ADC1_2_IRQHandler                        0x0800011b   Thumb Code     0  startup_stm32f10x_md.o(.text)
    CAN1_RX1_IRQHandler                      0x0800011b   Thumb Code     0  startup_stm32f10x_md.o(.text)
    CAN1_SCE_IRQHandler                      0x0800011b   Thumb Code     0  startup_stm32f10x_md.o(.text)
    DMA1_Channel1_IRQHandler                 0x0800011b   Thumb Code     0  startup_stm32f10x_md.o(.text)
    DMA1_Channel2_IRQHandler                 0x0800011b   Thumb Code     0  startup_stm32f10x_md.o(.text)
    DMA1_Channel3_IRQHandler                 0x0800011b   Thumb Code     0  startup_stm32f10x_md.o(.text)
    DMA1_Channel4_IRQHandler                 0x0800011b   Thumb Code     0  startup_stm32f10x_md.o(.text)
    DMA1_Channel5_IRQHandler                 0x0800011b   Thumb Code     0  startup_stm32f10x_md.o(.text)
    DMA1_Channel6_IRQHandler                 0x0800011b   Thumb Code     0  startup_stm32f10x_md.o(.text)
    DMA1_Channel7_IRQHandler                 0x0800011b   Thumb Code     0  startup_stm32f10x_md.o(.text)
    EXTI0_IRQHandler                         0x0800011b   Thumb Code     0  startup_stm32f10x_md.o(.text)
    EXTI15_10_IRQHandler                     0x0800011b   Thumb Code     0  startup_stm32f10x_md.o(.text)
    EXTI1_IRQHandler                         0x0800011b   Thumb Code     0  startup_stm32f10x_md.o(.text)
    EXTI2_IRQHandler                         0x0800011b   Thumb Code     0  startup_stm32f10x_md.o(.text)
    EXTI3_IRQHandler                         0x0800011b   Thumb Code     0  startup_stm32f10x_md.o(.text)
    EXTI4_IRQHandler                         0x0800011b   Thumb Code     0  startup_stm32f10x_md.o(.text)
    EXTI9_5_IRQHandler                       0x0800011b   Thumb Code     0  startup_stm32f10x_md.o(.text)
    FLASH_IRQHandler                         0x0800011b   Thumb Code     0  startup_stm32f10x_md.o(.text)
    I2C1_ER_IRQHandler                       0x0800011b   Thumb Code     0  startup_stm32f10x_md.o(.text)
    I2C1_EV_IRQHandler                       0x0800011b   Thumb Code     0  startup_stm32f10x_md.o(.text)
    I2C2_ER_IRQHandler                       0x0800011b   Thumb Code     0  startup_stm32f10x_md.o(.text)
    I2C2_EV_IRQHandler                       0x0800011b   Thumb Code     0  startup_stm32f10x_md.o(.text)
    PVD_IRQHandler                           0x0800011b   Thumb Code     0  startup_stm32f10x_md.o(.text)
    RCC_IRQHandler                           0x0800011b   Thumb Code     0  startup_stm32f10x_md.o(.text)
    RTCAlarm_IRQHandler                      0x0800011b   Thumb Code     0  startup_stm32f10x_md.o(.text)
    RTC_IRQHandler                           0x0800011b   Thumb Code     0  startup_stm32f10x_md.o(.text)
    SPI1_IRQHandler                          0x0800011b   Thumb Code     0  startup_stm32f10x_md.o(.text)
    SPI2_IRQHandler                          0x0800011b   Thumb Code     0  startup_stm32f10x_md.o(.text)
    TAMPER_IRQHandler                        0x0800011b   Thumb Code     0  startup_stm32f10x_md.o(.text)
    TIM1_BRK_IRQHandler                      0x0800011b   Thumb Code     0  startup_stm32f10x_md.o(.text)
    TIM1_CC_IRQHandler                       0x0800011b   Thumb Code     0  startup_stm32f10x_md.o(.text)
    TIM1_TRG_COM_IRQHandler                  0x0800011b   Thumb Code     0  startup_stm32f10x_md.o(.text)
    TIM1_UP_IRQHandler                       0x0800011b   Thumb Code     0  startup_stm32f10x_md.o(.text)
    USBWakeUp_IRQHandler                     0x0800011b   Thumb Code     0  startup_stm32f10x_md.o(.text)
    USB_HP_CAN1_TX_IRQHandler                0x0800011b   Thumb Code     0  startup_stm32f10x_md.o(.text)
    USB_LP_CAN1_RX0_IRQHandler               0x0800011b   Thumb Code     0  startup_stm32f10x_md.o(.text)
    WWDG_IRQHandler                          0x0800011b   Thumb Code     0  startup_stm32f10x_md.o(.text)
    __aeabi_memcpy                           0x08000125   Thumb Code    36  memcpya.o(.text)
    __aeabi_memcpy4                          0x08000125   Thumb Code     0  memcpya.o(.text)
    __aeabi_memcpy8                          0x08000125   Thumb Code     0  memcpya.o(.text)
    calloc                                   0x08000149   Thumb Code    28  calloc.o(.text)
    __aeabi_fadd                             0x08000165   Thumb Code   164  fadd.o(.text)
    __aeabi_fsub                             0x08000209   Thumb Code     6  fadd.o(.text)
    __aeabi_frsub                            0x0800020f   Thumb Code     6  fadd.o(.text)
    __aeabi_fdiv                             0x08000215   Thumb Code   124  fdiv.o(.text)
    __aeabi_dadd                             0x08000291   Thumb Code   322  dadd.o(.text)
    __aeabi_dsub                             0x080003d3   Thumb Code     6  dadd.o(.text)
    __aeabi_drsub                            0x080003d9   Thumb Code     6  dadd.o(.text)
    __aeabi_dmul                             0x080003df   Thumb Code   228  dmul.o(.text)
    __aeabi_ddiv                             0x080004c3   Thumb Code   222  ddiv.o(.text)
    __aeabi_i2f                              0x080005a1   Thumb Code    18  fflti.o(.text)
    __aeabi_ui2f                             0x080005b3   Thumb Code    10  ffltui.o(.text)
    __aeabi_f2d                              0x080005bd   Thumb Code    38  f2d.o(.text)
    __aeabi_cdcmpeq                          0x080005e5   Thumb Code     0  cdcmple.o(.text)
    __aeabi_cdcmple                          0x080005e5   Thumb Code    48  cdcmple.o(.text)
    __aeabi_cdrcmple                         0x08000615   Thumb Code    48  cdrcmple.o(.text)
    __aeabi_d2f                              0x08000645   Thumb Code    56  d2f.o(.text)
    __aeabi_cfcmpeq                          0x0800067d   Thumb Code     0  cfcmple.o(.text)
    __aeabi_cfcmple                          0x0800067d   Thumb Code    20  cfcmple.o(.text)
    __aeabi_cfrcmple                         0x08000691   Thumb Code    20  cfrcmple.o(.text)
    __aeabi_uidiv                            0x080006a5   Thumb Code     0  uidiv.o(.text)
    __aeabi_uidivmod                         0x080006a5   Thumb Code    44  uidiv.o(.text)
    __aeabi_uldivmod                         0x080006d1   Thumb Code    98  uldiv.o(.text)
    __aeabi_llsl                             0x08000733   Thumb Code    30  llshl.o(.text)
    _ll_shift_l                              0x08000733   Thumb Code     0  llshl.o(.text)
    __aeabi_lasr                             0x08000751   Thumb Code    36  llsshr.o(.text)
    _ll_sshift_r                             0x08000751   Thumb Code     0  llsshr.o(.text)
    __I$use$fp                               0x08000775   Thumb Code     0  iusefp.o(.text)
    _float_round                             0x08000775   Thumb Code    18  fepilogue.o(.text)
    _float_epilogue                          0x08000787   Thumb Code    92  fepilogue.o(.text)
    _double_round                            0x080007e3   Thumb Code    30  depilogue.o(.text)
    _double_epilogue                         0x08000801   Thumb Code   156  depilogue.o(.text)
    __aeabi_d2ulz                            0x0800089d   Thumb Code    48  dfixul.o(.text)
    __scatterload                            0x080008cd   Thumb Code    28  init.o(.text)
    __scatterload_rt2                        0x080008cd   Thumb Code     0  init.o(.text)
    __aeabi_llsr                             0x080008f1   Thumb Code    32  llushr.o(.text)
    _ll_ushift_r                             0x080008f1   Thumb Code     0  llushr.o(.text)
    AD7191_gpio_Configuration                0x08000911   Thumb Code   138  ad7191.o(i.AD7191_gpio_Configuration)
    BusFault_Handler                         0x080009ad   Thumb Code     4  stm32f10x_it.o(i.BusFault_Handler)
    DebugMon_Handler                         0x080009b1   Thumb Code     2  stm32f10x_it.o(i.DebugMon_Handler)
    Flag_Deal                                0x080009b5   Thumb Code    64  flagdeal.o(i.Flag_Deal)
    GPIO_Init                                0x08000a05   Thumb Code   278  stm32f10x_gpio.o(i.GPIO_Init)
    GPIO_ResetBits                           0x08000b1b   Thumb Code     4  stm32f10x_gpio.o(i.GPIO_ResetBits)
    GPIO_SetBits                             0x08000b1f   Thumb Code     4  stm32f10x_gpio.o(i.GPIO_SetBits)
    GetValueMidTui                           0x08000b25   Thumb Code    48  ad7191.o(i.GetValueMidTui)
    HardFault_Handler                        0x08000b5d   Thumb Code     4  stm32f10x_it.o(i.HardFault_Handler)
    HexToASCII                               0x08000b61   Thumb Code    70  master.o(i.HexToASCII)
    MemManage_Handler                        0x08000ba7   Thumb Code     4  stm32f10x_it.o(i.MemManage_Handler)
    NMI_Handler                              0x08000bab   Thumb Code     2  stm32f10x_it.o(i.NMI_Handler)
    NVIC_Init                                0x08000bad   Thumb Code   100  misc.o(i.NVIC_Init)
    NVIC_PriorityGroupConfig                 0x08000c1d   Thumb Code    10  misc.o(i.NVIC_PriorityGroupConfig)
    PendSV_Handler                           0x08000c31   Thumb Code     2  stm32f10x_it.o(i.PendSV_Handler)
    RCC_APB1PeriphClockCmd                   0x08000c35   Thumb Code    26  stm32f10x_rcc.o(i.RCC_APB1PeriphClockCmd)
    RCC_APB1PeriphResetCmd                   0x08000c55   Thumb Code    26  stm32f10x_rcc.o(i.RCC_APB1PeriphResetCmd)
    RCC_APB2PeriphClockCmd                   0x08000c75   Thumb Code    26  stm32f10x_rcc.o(i.RCC_APB2PeriphClockCmd)
    RCC_APB2PeriphResetCmd                   0x08000c95   Thumb Code    26  stm32f10x_rcc.o(i.RCC_APB2PeriphResetCmd)
    RCC_GetClocksFreq                        0x08000cb5   Thumb Code   192  stm32f10x_rcc.o(i.RCC_GetClocksFreq)
    READ_HMI                                 0x08000d89   Thumb Code    42  uart1.o(i.READ_HMI)
    RELAY_Init                               0x08000db9   Thumb Code   100  relay.o(i.RELAY_Init)
    RS485_Init                               0x08000e29   Thumb Code   260  master.o(i.RS485_Init)
    RS485_SendData                           0x08000f41   Thumb Code    76  master.o(i.RS485_SendData)
    SVC_Handler                              0x08000f99   Thumb Code     2  stm32f10x_it.o(i.SVC_Handler)
    SysTick_CLKSourceConfig                  0x08001085   Thumb Code    40  misc.o(i.SysTick_CLKSourceConfig)
    SysTick_Handler                          0x080010ad   Thumb Code     2  stm32f10x_it.o(i.SysTick_Handler)
    SystemInit                               0x080010b1   Thumb Code    78  system_stm32f10x.o(i.SystemInit)
    TIM2_IRQHandler                          0x08001111   Thumb Code   272  timer.o(i.TIM2_IRQHandler)
    TIM2_Int_Init                            0x08001255   Thumb Code   108  timer.o(i.TIM2_Int_Init)
    TIM3_IRQHandler                          0x080012d1   Thumb Code    44  master.o(i.TIM3_IRQHandler)
    TIM4_IRQHandler                          0x0800130d   Thumb Code    24  master.o(i.TIM4_IRQHandler)
    TIM_ClearITPendingBit                    0x08001329   Thumb Code     6  stm32f10x_tim.o(i.TIM_ClearITPendingBit)
    TIM_Cmd                                  0x0800132f   Thumb Code    24  stm32f10x_tim.o(i.TIM_Cmd)
    TIM_GetITStatus                          0x08001347   Thumb Code    34  stm32f10x_tim.o(i.TIM_GetITStatus)
    TIM_ITConfig                             0x08001369   Thumb Code    18  stm32f10x_tim.o(i.TIM_ITConfig)
    TIM_SetCounter                           0x0800137b   Thumb Code     4  stm32f10x_tim.o(i.TIM_SetCounter)
    TIM_TimeBaseInit                         0x08001381   Thumb Code   122  stm32f10x_tim.o(i.TIM_TimeBaseInit)
    Timer3_Init                              0x08001425   Thumb Code    98  master.o(i.Timer3_Init)
    USART1_IRQHandler                        0x08001491   Thumb Code   100  uart1.o(i.USART1_IRQHandler)
    USART1_Push                              0x08001501   Thumb Code    52  uart1.o(i.USART1_Push)
    USART2_IRQHandler                        0x0800153d   Thumb Code   102  master.o(i.USART2_IRQHandler)
    USART3_IRQHandler                        0x080015b9   Thumb Code   100  uart3.o(i.USART3_IRQHandler)
    USART3_Push                              0x08001629   Thumb Code    52  uart3.o(i.USART3_Push)
    USART_ClearITPendingBit                  0x08001665   Thumb Code    30  stm32f10x_usart.o(i.USART_ClearITPendingBit)
    USART_Cmd                                0x08001683   Thumb Code    24  stm32f10x_usart.o(i.USART_Cmd)
    USART_DeInit                             0x0800169d   Thumb Code   134  stm32f10x_usart.o(i.USART_DeInit)
    USART_GetFlagStatus                      0x08001739   Thumb Code    26  stm32f10x_usart.o(i.USART_GetFlagStatus)
    USART_GetITStatus                        0x08001753   Thumb Code    84  stm32f10x_usart.o(i.USART_GetITStatus)
    USART_ITConfig                           0x080017a7   Thumb Code    74  stm32f10x_usart.o(i.USART_ITConfig)
    USART_Init                               0x080017f1   Thumb Code   210  stm32f10x_usart.o(i.USART_Init)
    USART_RecDeal                            0x080018c9   Thumb Code   488  usart_op.o(i.USART_RecDeal)
    USART_ReceiveData                        0x08001b0d   Thumb Code    10  stm32f10x_usart.o(i.USART_ReceiveData)
    USART_SendData                           0x08001b17   Thumb Code     8  stm32f10x_usart.o(i.USART_SendData)
    UsageFault_Handler                       0x08001b1f   Thumb Code     4  stm32f10x_it.o(i.UsageFault_Handler)
    WRITE_CF                                 0x08001b25   Thumb Code    76  master.o(i.WRITE_CF)
    WRITE_CF_HZ                              0x08001b75   Thumb Code   126  master.o(i.WRITE_CF_HZ)
    __0sprintf                               0x08001bf9   Thumb Code    34  printfa.o(i.__0sprintf)
    __1sprintf                               0x08001bf9   Thumb Code     0  printfa.o(i.__0sprintf)
    __2sprintf                               0x08001bf9   Thumb Code     0  printfa.o(i.__0sprintf)
    __c89sprintf                             0x08001bf9   Thumb Code     0  printfa.o(i.__0sprintf)
    sprintf                                  0x08001bf9   Thumb Code     0  printfa.o(i.__0sprintf)
    __scatterload_copy                       0x08001c21   Thumb Code    14  handlers.o(i.__scatterload_copy)
    __scatterload_null                       0x08001c2f   Thumb Code     2  handlers.o(i.__scatterload_null)
    __scatterload_zeroinit                   0x08001c31   Thumb Code    14  handlers.o(i.__scatterload_zeroinit)
    ad7191_config                            0x080024dd   Thumb Code    62  ad7191.o(i.ad7191_config)
    ad7191_off                               0x0800251d   Thumb Code    16  ad7191.o(i.ad7191_off)
    ad7191_on                                0x08002531   Thumb Code    16  ad7191.o(i.ad7191_on)
    average_ad                               0x08002545   Thumb Code   148  ad7191.o(i.average_ad)
    average_deal                             0x080025f9   Thumb Code    28  ad7191.o(i.average_deal)
    commdIsRec_uart1                         0x0800261d   Thumb Code   148  usart_op.o(i.commdIsRec_uart1)
    deal_num                                 0x080026b9   Thumb Code    46  ad7191.o(i.deal_num)
    delay_init                               0x080026e9   Thumb Code    50  delay.o(i.delay_init)
    delay_ms                                 0x0800272d   Thumb Code    72  delay.o(i.delay_ms)
    filter_AD                                0x08002779   Thumb Code   100  ad7191.o(i.filter_AD)
    flag_sys_init                            0x080027e1   Thumb Code    10  flagdeal.o(i.flag_sys_init)
    free                                     0x080027f1   Thumb Code    76  malloc.o(i.free)
    getStr                                   0x08002841   Thumb Code    30  usart_op.o(i.getStr)
    get_data_and_send                        0x08002865   Thumb Code   544  ad7191.o(i.get_data_and_send)
    main                                     0x08002ad5   Thumb Code   192  main.o(i.main)
    malloc                                   0x08002ba1   Thumb Code    92  malloc.o(i.malloc)
    read_data_from_ad7191                    0x08002c0d   Thumb Code    36  ad7191.o(i.read_data_from_ad7191)
    register_flag                            0x08002c39   Thumb Code    40  flagdeal.o(i.register_flag)
    select_IN_OR_EX                          0x08002c65   Thumb Code    30  ad7191.o(i.select_IN_OR_EX)
    select_tem                               0x08002c89   Thumb Code    30  ad7191.o(i.select_tem)
    sellect_channal                          0x08002cad   Thumb Code    20  ad7191.o(i.sellect_channal)
    set_gain                                 0x08002cc5   Thumb Code    94  ad7191.o(i.set_gain)
    set_rate                                 0x08002d2d   Thumb Code    96  ad7191.o(i.set_rate)
    str_compare                              0x08002d95   Thumb Code    34  usart_op.o(i.str_compare)
    uart1_init                               0x08002db9   Thumb Code   158  uart1.o(i.uart1_init)
    uart3_init                               0x08002e61   Thumb Code   164  uart3.o(i.uart3_init)
    uart_init                                0x08002f0d   Thumb Code   148  usart.o(i.uart_init)
    Region$$Table$$Base                      0x08002fa8   Number         0  anon$$obj.o(Region$$Table)
    Region$$Table$$Limit                     0x08002fc8   Number         0  anon$$obj.o(Region$$Table)
    SystemCoreClock                          0x20000000   Data           4  system_stm32f10x.o(.data)
    AHBPrescTable                            0x20000004   Data          16  system_stm32f10x.o(.data)
    data                                     0x2000002c   Data           4  ad7191.o(.data)
    amp                                      0x20000030   Data           4  ad7191.o(.data)
    er                                       0x20000034   Data           4  ad7191.o(.data)
    amp_pre                                  0x20000038   Data           4  ad7191.o(.data)
    average                                  0x2000003c   Data           4  ad7191.o(.data)
    initflag                                 0x20000040   Data           1  ad7191.o(.data)
    light_sensor                             0x20000041   Data           1  ad7191.o(.data)
    value                                    0x2000005c   Data           4  usart_op.o(.data)
    origin                                   0x20000060   Data           4  usart_op.o(.data)
    CommIndex_Star                           0x20000064   Data           2  usart_op.o(.data)
    UART_RecLen                              0x20000066   Data           2  usart_op.o(.data)
    command_1                                0x20000068   Data           5  usart_op.o(.data)
    command_2                                0x2000006d   Data           6  usart_op.o(.data)
    command_3                                0x20000073   Data           6  usart_op.o(.data)
    command_4                                0x20000079   Data           6  usart_op.o(.data)
    command_5                                0x2000007f   Data           6  usart_op.o(.data)
    value_old                                0x20000088   Data           4  usart_op.o(.data)
    flag_state                               0x2000008c   Data           4  usart_op.o(.data)
    over_top                                 0x20000090   Data           1  usart_op.o(.data)
    below_bottom                             0x20000091   Data           1  usart_op.o(.data)
    RS485_Baudrate                           0x200000a0   Data           4  master.o(.data)
    RS485_Parity                             0x200000a4   Data           1  master.o(.data)
    RS485_Frame_Distance                     0x200000a6   Data           2  master.o(.data)
    RS485_RX_CNT                             0x200000a8   Data           2  master.o(.data)
    RS485_RxFlag                             0x200000aa   Data           1  master.o(.data)
    RS485_TX_CNT                             0x200000ac   Data           2  master.o(.data)
    RS485_TxFlag                             0x200000ae   Data           2  master.o(.data)
    SlaverAddr                               0x200000b0   Data           1  master.o(.data)
    Fuction                                  0x200000b1   Data           1  master.o(.data)
    StartAddr                                0x200000b2   Data           2  master.o(.data)
    ValueOrLenth                             0x200000b4   Data           2  master.o(.data)
    message                                  0x200000b6   Data           1  master.o(.data)
    TX_RX_SET                                0x200000b7   Data           1  master.o(.data)
    ComErr                                   0x200000b8   Data           1  master.o(.data)
    errpace                                  0x200000b9   Data           1  master.o(.data)
    state                                    0x200000ba   Data           1  master.o(.data)
    average_flag                             0x200000bc   Data           1  timer.o(.data)
    to_get_num                               0x200000bd   Data           1  timer.o(.data)
    ms                                       0x200000c0   Data           4  timer.o(.data)
    flag_test                                0x200000c4   Data           1  timer.o(.data)
    valve                                    0x200000c8   Data           4  timer.o(.data)
    valve1                                   0x200000cc   Data           4  timer.o(.data)
    __microlib_freelist                      0x200000dc   Data           4  mvars.o(.data)
    __microlib_freelist_initialised          0x200000e0   Data           4  mvars.o(.data)
    flag_deal                                0x200000e4   Data         516  flagdeal.o(.bss)
    USART3SendBuf                            0x200002e8   Data         256  uart3.o(.bss)
    USART3_Tx                                0x200003e8   Data         259  uart3.o(.bss)
    USART3_Rec                               0x200004eb   Data         259  uart3.o(.bss)
    Rx_Deal_Str                              0x200005ee   Data         230  usart_op.o(.bss)
    USART1SendBuf                            0x200006d4   Data         256  uart1.o(.bss)
    USART1RecieveBuf                         0x200007d4   Data         256  uart1.o(.bss)
    USART1_Tx                                0x200008d4   Data         259  uart1.o(.bss)
    USART1_Rec                               0x200009d7   Data         259  uart1.o(.bss)
    RS485_RX_BUFF                            0x20000ada   Data        2048  master.o(.bss)
    RS485_TX_BUFF                            0x200012da   Data        2048  master.o(.bss)
    __heap_base                              0x20001ae0   Data           0  startup_stm32f10x_md.o(HEAP)
    __heap_limit                             0x20001ce0   Data           0  startup_stm32f10x_md.o(HEAP)
    __initial_sp                             0x200020e0   Data           0  startup_stm32f10x_md.o(STACK)



==============================================================================

Memory Map of the image

  Image Entry point : 0x080000ed

  Load Region LR_IROM1 (Base: 0x08000000, Size: 0x000030ac, Max: 0x00010000, ABSOLUTE)

    Execution Region ER_IROM1 (Base: 0x08000000, Size: 0x00002fc8, Max: 0x00010000, ABSOLUTE)

    Base Addr    Size         Type   Attr      Idx    E Section Name        Object

    0x08000000   0x000000ec   Data   RO          289    RESET               startup_stm32f10x_md.o
    0x080000ec   0x00000000   Code   RO         1948  * .ARM.Collect$$$$00000000  mc_w.l(entry.o)
    0x080000ec   0x00000004   Code   RO         2272    .ARM.Collect$$$$00000001  mc_w.l(entry2.o)
    0x080000f0   0x00000004   Code   RO         2275    .ARM.Collect$$$$00000004  mc_w.l(entry5.o)
    0x080000f4   0x00000000   Code   RO         2277    .ARM.Collect$$$$00000008  mc_w.l(entry7b.o)
    0x080000f4   0x00000000   Code   RO         2279    .ARM.Collect$$$$0000000A  mc_w.l(entry8b.o)
    0x080000f4   0x00000008   Code   RO         2280    .ARM.Collect$$$$0000000B  mc_w.l(entry9a.o)
    0x080000fc   0x00000000   Code   RO         2282    .ARM.Collect$$$$0000000D  mc_w.l(entry10a.o)
    0x080000fc   0x00000000   Code   RO         2284    .ARM.Collect$$$$0000000F  mc_w.l(entry11a.o)
    0x080000fc   0x00000004   Code   RO         2273    .ARM.Collect$$$$00002712  mc_w.l(entry2.o)
    0x08000100   0x00000024   Code   RO          290    .text               startup_stm32f10x_md.o
    0x08000124   0x00000024   Code   RO         1951    .text               mc_w.l(memcpya.o)
    0x08000148   0x0000001c   Code   RO         2244    .text               mc_w.l(calloc.o)
    0x08000164   0x000000b0   Code   RO         2246    .text               mf_w.l(fadd.o)
    0x08000214   0x0000007c   Code   RO         2248    .text               mf_w.l(fdiv.o)
    0x08000290   0x0000014e   Code   RO         2250    .text               mf_w.l(dadd.o)
    0x080003de   0x000000e4   Code   RO         2252    .text               mf_w.l(dmul.o)
    0x080004c2   0x000000de   Code   RO         2254    .text               mf_w.l(ddiv.o)
    0x080005a0   0x00000012   Code   RO         2256    .text               mf_w.l(fflti.o)
    0x080005b2   0x0000000a   Code   RO         2258    .text               mf_w.l(ffltui.o)
    0x080005bc   0x00000026   Code   RO         2260    .text               mf_w.l(f2d.o)
    0x080005e2   0x00000002   PAD
    0x080005e4   0x00000030   Code   RO         2262    .text               mf_w.l(cdcmple.o)
    0x08000614   0x00000030   Code   RO         2264    .text               mf_w.l(cdrcmple.o)
    0x08000644   0x00000038   Code   RO         2266    .text               mf_w.l(d2f.o)
    0x0800067c   0x00000014   Code   RO         2268    .text               mf_w.l(cfcmple.o)
    0x08000690   0x00000014   Code   RO         2270    .text               mf_w.l(cfrcmple.o)
    0x080006a4   0x0000002c   Code   RO         2286    .text               mc_w.l(uidiv.o)
    0x080006d0   0x00000062   Code   RO         2288    .text               mc_w.l(uldiv.o)
    0x08000732   0x0000001e   Code   RO         2290    .text               mc_w.l(llshl.o)
    0x08000750   0x00000024   Code   RO         2292    .text               mc_w.l(llsshr.o)
    0x08000774   0x00000000   Code   RO         2296    .text               mc_w.l(iusefp.o)
    0x08000774   0x0000006e   Code   RO         2297    .text               mf_w.l(fepilogue.o)
    0x080007e2   0x000000ba   Code   RO         2299    .text               mf_w.l(depilogue.o)
    0x0800089c   0x00000030   Code   RO         2301    .text               mf_w.l(dfixul.o)
    0x080008cc   0x00000024   Code   RO         2303    .text               mc_w.l(init.o)
    0x080008f0   0x00000020   Code   RO         2305    .text               mc_w.l(llushr.o)
    0x08000910   0x0000009c   Code   RO         1480    i.AD7191_gpio_Configuration  ad7191.o
    0x080009ac   0x00000004   Code   RO          153    i.BusFault_Handler  stm32f10x_it.o
    0x080009b0   0x00000002   Code   RO          154    i.DebugMon_Handler  stm32f10x_it.o
    0x080009b2   0x00000002   PAD
    0x080009b4   0x00000050   Code   RO         1592    i.Flag_Deal         flagdeal.o
    0x08000a04   0x00000116   Code   RO         1118    i.GPIO_Init         stm32f10x_gpio.o
    0x08000b1a   0x00000004   Code   RO         1125    i.GPIO_ResetBits    stm32f10x_gpio.o
    0x08000b1e   0x00000004   Code   RO         1126    i.GPIO_SetBits      stm32f10x_gpio.o
    0x08000b22   0x00000002   PAD
    0x08000b24   0x00000038   Code   RO         1481    i.GetValueMidTui    ad7191.o
    0x08000b5c   0x00000004   Code   RO          155    i.HardFault_Handler  stm32f10x_it.o
    0x08000b60   0x00000046   Code   RO         1838    i.HexToASCII        master.o
    0x08000ba6   0x00000004   Code   RO          156    i.MemManage_Handler  stm32f10x_it.o
    0x08000baa   0x00000002   Code   RO          157    i.NMI_Handler       stm32f10x_it.o
    0x08000bac   0x00000070   Code   RO          294    i.NVIC_Init         misc.o
    0x08000c1c   0x00000014   Code   RO          295    i.NVIC_PriorityGroupConfig  misc.o
    0x08000c30   0x00000002   Code   RO          158    i.PendSV_Handler    stm32f10x_it.o
    0x08000c32   0x00000002   PAD
    0x08000c34   0x00000020   Code   RO         1228    i.RCC_APB1PeriphClockCmd  stm32f10x_rcc.o
    0x08000c54   0x00000020   Code   RO         1229    i.RCC_APB1PeriphResetCmd  stm32f10x_rcc.o
    0x08000c74   0x00000020   Code   RO         1230    i.RCC_APB2PeriphClockCmd  stm32f10x_rcc.o
    0x08000c94   0x00000020   Code   RO         1231    i.RCC_APB2PeriphResetCmd  stm32f10x_rcc.o
    0x08000cb4   0x000000d4   Code   RO         1238    i.RCC_GetClocksFreq  stm32f10x_rcc.o
    0x08000d88   0x00000030   Code   RO         1789    i.READ_HMI          uart1.o
    0x08000db8   0x00000070   Code   RO         1826    i.RELAY_Init        relay.o
    0x08000e28   0x00000118   Code   RO         1839    i.RS485_Init        master.o
    0x08000f40   0x00000058   Code   RO         1840    i.RS485_SendData    master.o
    0x08000f98   0x00000002   Code   RO          159    i.SVC_Handler       stm32f10x_it.o
    0x08000f9a   0x00000008   Code   RO          242    i.SetSysClock       system_stm32f10x.o
    0x08000fa2   0x00000002   PAD
    0x08000fa4   0x000000e0   Code   RO          243    i.SetSysClockTo72   system_stm32f10x.o
    0x08001084   0x00000028   Code   RO          298    i.SysTick_CLKSourceConfig  misc.o
    0x080010ac   0x00000002   Code   RO          160    i.SysTick_Handler   stm32f10x_it.o
    0x080010ae   0x00000002   PAD
    0x080010b0   0x00000060   Code   RO          245    i.SystemInit        system_stm32f10x.o
    0x08001110   0x00000144   Code   RO         1918    i.TIM2_IRQHandler   timer.o
    0x08001254   0x0000007c   Code   RO         1919    i.TIM2_Int_Init     timer.o
    0x080012d0   0x0000003c   Code   RO         1841    i.TIM3_IRQHandler   master.o
    0x0800130c   0x0000001c   Code   RO         1842    i.TIM4_IRQHandler   master.o
    0x08001328   0x00000006   Code   RO          341    i.TIM_ClearITPendingBit  stm32f10x_tim.o
    0x0800132e   0x00000018   Code   RO          346    i.TIM_Cmd           stm32f10x_tim.o
    0x08001346   0x00000022   Code   RO          367    i.TIM_GetITStatus   stm32f10x_tim.o
    0x08001368   0x00000012   Code   RO          371    i.TIM_ITConfig      stm32f10x_tim.o
    0x0800137a   0x00000004   Code   RO          411    i.TIM_SetCounter    stm32f10x_tim.o
    0x0800137e   0x00000002   PAD
    0x08001380   0x000000a4   Code   RO          417    i.TIM_TimeBaseInit  stm32f10x_tim.o
    0x08001424   0x0000006c   Code   RO         1843    i.Timer3_Init       master.o
    0x08001490   0x00000070   Code   RO         1790    i.USART1_IRQHandler  uart1.o
    0x08001500   0x0000003c   Code   RO         1791    i.USART1_Push       uart1.o
    0x0800153c   0x0000007c   Code   RO         1846    i.USART2_IRQHandler  master.o
    0x080015b8   0x00000070   Code   RO         1666    i.USART3_IRQHandler  uart3.o
    0x08001628   0x0000003c   Code   RO         1667    i.USART3_Push       uart3.o
    0x08001664   0x0000001e   Code   RO          879    i.USART_ClearITPendingBit  stm32f10x_usart.o
    0x08001682   0x00000018   Code   RO          882    i.USART_Cmd         stm32f10x_usart.o
    0x0800169a   0x00000002   PAD
    0x0800169c   0x0000009c   Code   RO          884    i.USART_DeInit      stm32f10x_usart.o
    0x08001738   0x0000001a   Code   RO          885    i.USART_GetFlagStatus  stm32f10x_usart.o
    0x08001752   0x00000054   Code   RO          886    i.USART_GetITStatus  stm32f10x_usart.o
    0x080017a6   0x0000004a   Code   RO          888    i.USART_ITConfig    stm32f10x_usart.o
    0x080017f0   0x000000d8   Code   RO          889    i.USART_Init        stm32f10x_usart.o
    0x080018c8   0x00000244   Code   RO         1712    i.USART_RecDeal     usart_op.o
    0x08001b0c   0x0000000a   Code   RO          896    i.USART_ReceiveData  stm32f10x_usart.o
    0x08001b16   0x00000008   Code   RO          899    i.USART_SendData    stm32f10x_usart.o
    0x08001b1e   0x00000004   Code   RO          161    i.UsageFault_Handler  stm32f10x_it.o
    0x08001b22   0x00000002   PAD
    0x08001b24   0x00000050   Code   RO         1847    i.WRITE_CF          master.o
    0x08001b74   0x00000084   Code   RO         1848    i.WRITE_CF_HZ       master.o
    0x08001bf8   0x00000028   Code   RO         2190    i.__0sprintf        mc_w.l(printfa.o)
    0x08001c20   0x0000000e   Code   RO         2309    i.__scatterload_copy  mc_w.l(handlers.o)
    0x08001c2e   0x00000002   Code   RO         2310    i.__scatterload_null  mc_w.l(handlers.o)
    0x08001c30   0x0000000e   Code   RO         2311    i.__scatterload_zeroinit  mc_w.l(handlers.o)
    0x08001c3e   0x00000002   PAD
    0x08001c40   0x00000164   Code   RO         2195    i._fp_digits        mc_w.l(printfa.o)
    0x08001da4   0x000006dc   Code   RO         2196    i._printf_core      mc_w.l(printfa.o)
    0x08002480   0x00000024   Code   RO         2197    i._printf_post_padding  mc_w.l(printfa.o)
    0x080024a4   0x0000002e   Code   RO         2198    i._printf_pre_padding  mc_w.l(printfa.o)
    0x080024d2   0x0000000a   Code   RO         2200    i._sputc            mc_w.l(printfa.o)
    0x080024dc   0x0000003e   Code   RO         1482    i.ad7191_config     ad7191.o
    0x0800251a   0x00000002   PAD
    0x0800251c   0x00000014   Code   RO         1483    i.ad7191_off        ad7191.o
    0x08002530   0x00000014   Code   RO         1484    i.ad7191_on         ad7191.o
    0x08002544   0x000000b4   Code   RO         1485    i.average_ad        ad7191.o
    0x080025f8   0x00000024   Code   RO         1486    i.average_deal      ad7191.o
    0x0800261c   0x0000009c   Code   RO         1714    i.commdIsRec_uart1  usart_op.o
    0x080026b8   0x0000002e   Code   RO         1487    i.deal_num          ad7191.o
    0x080026e6   0x00000002   PAD
    0x080026e8   0x00000044   Code   RO         1426    i.delay_init        delay.o
    0x0800272c   0x0000004c   Code   RO         1427    i.delay_ms          delay.o
    0x08002778   0x00000068   Code   RO         1488    i.filter_AD         ad7191.o
    0x080027e0   0x00000010   Code   RO         1593    i.flag_sys_init     flagdeal.o
    0x080027f0   0x00000050   Code   RO         2216    i.free              mc_w.l(malloc.o)
    0x08002840   0x00000024   Code   RO         1715    i.getStr            usart_op.o
    0x08002864   0x00000270   Code   RO         1489    i.get_data_and_send  ad7191.o
    0x08002ad4   0x000000cc   Code   RO            1    i.main              main.o
    0x08002ba0   0x0000006c   Code   RO         2217    i.malloc            mc_w.l(malloc.o)
    0x08002c0c   0x0000002c   Code   RO         1490    i.read_data_from_ad7191  ad7191.o
    0x08002c38   0x0000002c   Code   RO         1594    i.register_flag     flagdeal.o
    0x08002c64   0x00000024   Code   RO         1491    i.select_IN_OR_EX   ad7191.o
    0x08002c88   0x00000024   Code   RO         1492    i.select_tem        ad7191.o
    0x08002cac   0x00000018   Code   RO         1493    i.sellect_channal   ad7191.o
    0x08002cc4   0x00000068   Code   RO         1494    i.set_gain          ad7191.o
    0x08002d2c   0x00000068   Code   RO         1495    i.set_rate          ad7191.o
    0x08002d94   0x00000022   Code   RO         1716    i.str_compare       usart_op.o
    0x08002db6   0x00000002   PAD
    0x08002db8   0x000000a8   Code   RO         1792    i.uart1_init        uart1.o
    0x08002e60   0x000000ac   Code   RO         1669    i.uart3_init        uart3.o
    0x08002f0c   0x0000009c   Code   RO         1621    i.uart_init         usart.o
    0x08002fa8   0x00000020   Data   RO         2307    Region$$Table       anon$$obj.o


    Execution Region RW_IRAM1 (Base: 0x20000000, Size: 0x000020e0, Max: 0x00005000, ABSOLUTE)

    Base Addr    Size         Type   Attr      Idx    E Section Name        Object

    0x20000000   0x00000014   Data   RW          246    .data               system_stm32f10x.o
    0x20000014   0x00000014   Data   RW         1258    .data               stm32f10x_rcc.o
    0x20000028   0x00000004   Data   RW         1429    .data               delay.o
    0x2000002c   0x00000030   Data   RW         1496    .data               ad7191.o
    0x2000005c   0x00000044   Data   RW         1719    .data               usart_op.o
    0x200000a0   0x0000001b   Data   RW         1850    .data               master.o
    0x200000bb   0x00000001   PAD
    0x200000bc   0x00000020   Data   RW         1921    .data               timer.o
    0x200000dc   0x00000004   Data   RW         2294    .data               mc_w.l(mvars.o)
    0x200000e0   0x00000004   Data   RW         2295    .data               mc_w.l(mvars.o)
    0x200000e4   0x00000204   Zero   RW         1595    .bss                flagdeal.o
    0x200002e8   0x00000306   Zero   RW         1670    .bss                uart3.o
    0x200005ee   0x000000e6   Zero   RW         1718    .bss                usart_op.o
    0x200006d4   0x00000406   Zero   RW         1793    .bss                uart1.o
    0x20000ada   0x00001000   Zero   RW         1849    .bss                master.o
    0x20001ada   0x00000006   PAD
    0x20001ae0   0x00000200   Zero   RW          288    HEAP                startup_stm32f10x_md.o
    0x20001ce0   0x00000400   Zero   RW          287    STACK               startup_stm32f10x_md.o


==============================================================================

Image component sizes


      Code (inc. data)   RO Data    RW Data    ZI Data      Debug   Object Name

      1652        200          0         48          0      10720   ad7191.o
         0          0          0          0          0         32   core_cm3.o
       144         22          0          4          0       1224   delay.o
       140         26          0          0        516       2312   flagdeal.o
       204         12          0          0          0     252941   main.o
       970         94          0         27       4096       6834   master.o
       172         22          0          0          0       2089   misc.o
       112         12          0          0          0        533   relay.o
        36          8        236          0       1536        796   startup_stm32f10x_md.o
       286          0          0          0          0       3068   stm32f10x_gpio.o
        26          0          0          0          0       3790   stm32f10x_it.o
       340         44          0         20          0       5624   stm32f10x_rcc.o
       250         42          0          0          0       4143   stm32f10x_tim.o
       628         28          0          0          0       7502   stm32f10x_usart.o
       328         28          0         20          0       2125   system_stm32f10x.o
       448         68          0         32          0       1802   timer.o
       388         36          0          0       1030       3357   uart1.o
       344         28          0          0        774       2662   uart3.o
       156          8          0          0          0        712   usart.o
       806        106          0         68        230       5241   usart_op.o

    ----------------------------------------------------------------------
      7452        784        268        220       8188     317507   Object Totals
         0          0         32          0          0          0   (incl. Generated)
        22          0          0          1          6          0   (incl. Padding)

    ----------------------------------------------------------------------

      Code (inc. data)   RO Data    RW Data    ZI Data      Debug   Library Member Name

        28          0          0          0          0         76   calloc.o
         0          0          0          0          0          0   entry.o
         0          0          0          0          0          0   entry10a.o
         0          0          0          0          0          0   entry11a.o
         8          4          0          0          0          0   entry2.o
         4          0          0          0          0          0   entry5.o
         0          0          0          0          0          0   entry7b.o
         0          0          0          0          0          0   entry8b.o
         8          4          0          0          0          0   entry9a.o
        30          0          0          0          0          0   handlers.o
        36          8          0          0          0         68   init.o
         0          0          0          0          0          0   iusefp.o
        30          0          0          0          0         68   llshl.o
        36          0          0          0          0         68   llsshr.o
        32          0          0          0          0         68   llushr.o
       188         20          0          0          0        160   malloc.o
        36          0          0          0          0         68   memcpya.o
         0          0          0          8          0          0   mvars.o
      2244         86          0          0          0        512   printfa.o
        44          0          0          0          0         80   uidiv.o
        98          0          0          0          0         92   uldiv.o
        48          0          0          0          0         68   cdcmple.o
        48          0          0          0          0         68   cdrcmple.o
        20          0          0          0          0         68   cfcmple.o
        20          0          0          0          0         68   cfrcmple.o
        56          0          0          0          0         88   d2f.o
       334          0          0          0          0        148   dadd.o
       222          0          0          0          0        100   ddiv.o
       186          0          0          0          0        176   depilogue.o
        48          0          0          0          0         68   dfixul.o
       228          0          0          0          0         96   dmul.o
        38          0          0          0          0         68   f2d.o
       176          0          0          0          0        140   fadd.o
       124          0          0          0          0         88   fdiv.o
       110          0          0          0          0        168   fepilogue.o
        18          0          0          0          0         68   fflti.o
        10          0          0          0          0         68   ffltui.o

    ----------------------------------------------------------------------
      4512        122          0          8          0       2808   Library Totals
         4          0          0          0          0          0   (incl. Padding)

    ----------------------------------------------------------------------

      Code (inc. data)   RO Data    RW Data    ZI Data      Debug   Library Name

      2822        122          0          8          0       1260   mc_w.l
      1686          0          0          0          0       1548   mf_w.l

    ----------------------------------------------------------------------
      4512        122          0          8          0       2808   Library Totals

    ----------------------------------------------------------------------

==============================================================================


      Code (inc. data)   RO Data    RW Data    ZI Data      Debug   

     11964        906        268        228       8188     314747   Grand Totals
     11964        906        268        228       8188     314747   ELF Image Totals
     11964        906        268        228          0          0   ROM Totals

==============================================================================

    Total RO  Size (Code + RO Data)                12232 (  11.95kB)
    Total RW  Size (RW Data + ZI Data)              8416 (   8.22kB)
    Total ROM Size (Code + RO Data + RW Data)      12460 (  12.17kB)

==============================================================================

