<html>
<body>
<pre>
<h1>礦ision Build Log</h1>
<h2>Tool Versions:</h2>
IDE-Version: μVision V5.18.0.0
Copyright (C) 2016 ARM Ltd and ARM Germany GmbH. All rights reserved.
License Information: 11 11, 11111, LIC=LJWEV-PGWAX-66LQS-LB2Z1-XMR3F-JJ9I8
 
Tool Versions:
Toolchain:       MDK-ARM Professional  Version: 5.18
Toolchain Path:  D:\keil5\ARM\ARMCC\Bin
C Compiler:      Armcc.exe V5.06 update 1 (build 61)
Assembler:       Armasm.exe V5.06 update 1 (build 61)
Linker/Locator:  ArmLink.exe V5.06 update 1 (build 61)
Library Manager: ArmAr.exe V5.06 update 1 (build 61)
Hex Converter:   FromElf.exe V5.06 update 1 (build 61)
CPU DLL:         SARMCM3.DLL V5.18
Dialog DLL:      DCM.DLL V1.13.6.0
Target DLL:      Segger\JL2CM3.dll V2.99.18.0
Dialog DLL:      TCM.DLL V1.14.8.0
 
<h2>Project:</h2>
D:\编程\称重v0.43新 - 3 - haoshi2\称重v0.43\称重v0.43\weight\USER\LED.uvprojx
Project File Date:  04/10/2021

<h2>Output:</h2>
*** Using Compiler 'V5.06 update 1 (build 61)', folder: 'D:\keil5\ARM\ARMCC\Bin'
Build target 'LED'
assembling startup_stm32f10x_md.s...
compiling core_cm3.c...
compiling stm32f10x_it.c...
compiling misc.c...
compiling stm32f10x_usart.c...
compiling system_stm32f10x.c...
compiling main.c...
..\HARDWARE\LED\relay.h(10): warning:  #1-D: last line of file ends without a newline
  #endif
..\SYSTEM\ad7191\ad7191.h(36): warning:  #1295-D: Deprecated declaration read_data_from_ad7191 - give arg types
  unsigned int read_data_from_ad7191();
..\SYSTEM\ad7191\ad7191.h(37): warning:  #1295-D: Deprecated declaration ad7191_on - give arg types
  void ad7191_on();
..\SYSTEM\ad7191\ad7191.h(38): warning:  #1295-D: Deprecated declaration ad7191_off - give arg types
  void ad7191_off();
..\SYSTEM\ad7191\ad7191.h(44): warning:  #1295-D: Deprecated declaration To_zero - give arg types
  extern void To_zero();
main.c(53): warning:  #1-D: last line of file ends without a newline
  }
main.c: 6 warnings, 0 errors
compiling stm32f10x_tim.c...
compiling stm32f10x_wwdg.c...
compiling stm32f10x_rcc.c...
compiling stm32f10x_gpio.c...
compiling delay.c...
compiling FlagDeal.c...
..\SYSTEM\ad7191\ad7191.h(36): warning:  #1295-D: Deprecated declaration read_data_from_ad7191 - give arg types
  unsigned int read_data_from_ad7191();
..\SYSTEM\ad7191\ad7191.h(37): warning:  #1295-D: Deprecated declaration ad7191_on - give arg types
  void ad7191_on();
..\SYSTEM\ad7191\ad7191.h(38): warning:  #1295-D: Deprecated declaration ad7191_off - give arg types
  void ad7191_off();
..\SYSTEM\ad7191\ad7191.h(44): warning:  #1295-D: Deprecated declaration To_zero - give arg types
  extern void To_zero();
..\HARDWARE\LED\FlagDeal.c: 4 warnings, 0 errors
compiling ad7191.c...
..\SYSTEM\ad7191\ad7191.h(36): warning:  #1295-D: Deprecated declaration read_data_from_ad7191 - give arg types
  unsigned int read_data_from_ad7191();
..\SYSTEM\ad7191\ad7191.h(37): warning:  #1295-D: Deprecated declaration ad7191_on - give arg types
  void ad7191_on();
..\SYSTEM\ad7191\ad7191.h(38): warning:  #1295-D: Deprecated declaration ad7191_off - give arg types
  void ad7191_off();
..\SYSTEM\ad7191\ad7191.h(44): warning:  #1295-D: Deprecated declaration To_zero - give arg types
  extern void To_zero();
..\SYSTEM\ad7191\ad7191.c(250): warning:  #177-D: variable "damp" was declared but never referenced
  	static float damp;
..\SYSTEM\ad7191\ad7191.c: 5 warnings, 0 errors
compiling sys.c...
compiling usart.c...
compiling led.c...
compiling uart3.c...
compiling uart1.c...
compiling usart_op.c...
..\HARDWARE\LED\relay.h(10): warning:  #1-D: last line of file ends without a newline
  #endif
..\SYSTEM\ad7191\ad7191.h(36): warning:  #1295-D: Deprecated declaration read_data_from_ad7191 - give arg types
  unsigned int read_data_from_ad7191();
..\SYSTEM\ad7191\ad7191.h(37): warning:  #1295-D: Deprecated declaration ad7191_on - give arg types
  void ad7191_on();
..\SYSTEM\ad7191\ad7191.h(38): warning:  #1295-D: Deprecated declaration ad7191_off - give arg types
  void ad7191_off();
..\SYSTEM\ad7191\ad7191.h(44): warning:  #1295-D: Deprecated declaration To_zero - give arg types
  extern void To_zero();
..\HARDWARE\LED\usart_op.c(200): warning:  #223-D: function "WRITE_CF_HZ" declared implicitly
  						WRITE_CF_HZ(Rx_Deal_Str[10]);
..\HARDWARE\LED\usart_op.c(144): warning:  #177-D: variable "cnt_bl" was declared but never referenced
  	unsigned char cnt_bl = 0;
..\HARDWARE\LED\usart_op.c: 7 warnings, 0 errors
compiling relay.c...
..\HARDWARE\LED\relay.h(10): warning:  #1-D: last line of file ends without a newline
  #endif
..\SYSTEM\ad7191\ad7191.h(36): warning:  #1295-D: Deprecated declaration read_data_from_ad7191 - give arg types
  unsigned int read_data_from_ad7191();
..\SYSTEM\ad7191\ad7191.h(37): warning:  #1295-D: Deprecated declaration ad7191_on - give arg types
  void ad7191_on();
..\SYSTEM\ad7191\ad7191.h(38): warning:  #1295-D: Deprecated declaration ad7191_off - give arg types
  void ad7191_off();
..\SYSTEM\ad7191\ad7191.h(44): warning:  #1295-D: Deprecated declaration To_zero - give arg types
  extern void To_zero();
..\HARDWARE\LED\relay.c: 5 warnings, 0 errors
compiling master.c...
compiling timer.c...
..\SYSTEM\ad7191\ad7191.h(36): warning:  #1295-D: Deprecated declaration read_data_from_ad7191 - give arg types
  unsigned int read_data_from_ad7191();
..\SYSTEM\ad7191\ad7191.h(37): warning:  #1295-D: Deprecated declaration ad7191_on - give arg types
  void ad7191_on();
..\SYSTEM\ad7191\ad7191.h(38): warning:  #1295-D: Deprecated declaration ad7191_off - give arg types
  void ad7191_off();
..\SYSTEM\ad7191\ad7191.h(44): warning:  #1295-D: Deprecated declaration To_zero - give arg types
  extern void To_zero();
..\HARDWARE\LED\timer.c(159): warning:  #177-D: variable "time_buf" was declared but never referenced
  	static unsigned int cnt = 0,time_buf = 0,sec_2= 0;
..\HARDWARE\LED\timer.c: 5 warnings, 0 errors
linking...
Program Size: Code=11964 RO-data=268 RW-data=228 ZI-data=8188  
FromELF: creating hex file...
"..\OBJ\template.axf" - 0 Error(s), 32 Warning(s).

<h2>Collection of Component include folders:</h2>
  D:\编程\称重v0.43新 - 3 - haoshi2\称重v0.43\称重v0.43\weight\USER\RTE
  D:\keil5\ARM\PACK\Keil\STM32F1xx_DFP\2.0.0\Device\Include

<h2>Collection of Component Files used:</h2>
Build Time Elapsed:  00:00:09
</pre>
</body>
</html>
